#-----------------------------------------------------------
# Vivado v2018.3 (64-bit)
# SW Build 2405991 on Thu Dec  6 23:38:27 MST 2018
# IP Build 2404404 on Fri Dec  7 01:43:56 MST 2018
# Start of session at: Thu Mar 19 13:44:18 2026
# Process ID: 8732
# Current directory: C:/Users/Celine/Documents/4Winter/ECE532_Local/Wii-Sports-Archery-FPGA-main/project_audio_pkg
# Command line: vivado.exe -gui_launcher_event rodinguilauncherevent17036 C:\Users\Celine\Documents\4Winter\ECE532_Local\Wii-Sports-Archery-FPGA-main\project_audio_pkg\tmp_edit_project.xpr
# Log file: C:/Users/Celine/Documents/4Winter/ECE532_Local/Wii-Sports-Archery-FPGA-main/project_audio_pkg/vivado.log
# Journal file: C:/Users/Celine/Documents/4Winter/ECE532_Local/Wii-Sports-Archery-FPGA-main/project_audio_pkg\vivado.jou
#-----------------------------------------------------------
start_gui
open_project C:/Users/Celine/Documents/4Winter/ECE532_Local/Wii-Sports-Archery-FPGA-main/project_audio_pkg/tmp_edit_project.xpr
update_compile_order -fileset sources_1
