Copyright 1986-2018 Xilinx, Inc. All Rights Reserved.
--------------------------------------------------------------------------------------------------------------------------------------------------------------------------------------
| Tool Version : Vivado v.2018.3 (win64) Build 2405991 Thu Dec  6 23:38:27 MST 2018
| Date         : Mon Mar  2 23:00:11 2026
| Host         : DESKTOP-B6PLPOU running 64-bit major release  (build 9200)
| Command      : report_methodology -file design_2_wrapper_methodology_drc_routed.rpt -pb design_2_wrapper_methodology_drc_routed.pb -rpx design_2_wrapper_methodology_drc_routed.rpx
| Design       : design_2_wrapper
| Device       : xc7a100tcsg324-1
| Speed File   : -1
| Design State : Fully Routed
--------------------------------------------------------------------------------------------------------------------------------------------------------------------------------------

Report Methodology

Table of Contents
-----------------
1. REPORT SUMMARY
2. REPORT DETAILS

1. REPORT SUMMARY
-----------------
            Netlist: netlist
          Floorplan: design_1
      Design limits: <entire design considered>
             Max violations: <unlimited>
             Violations found: 39
+-----------+----------+------------------------------------------------+------------+
| Rule      | Severity | Description                                    | Violations |
+-----------+----------+------------------------------------------------+------------+
| TIMING-6  | Warning  | No common primary clock between related clocks | 6          |
| TIMING-18 | Warning  | Missing input or output delay                  | 1          |
| TIMING-20 | Warning  | Non-clocked latch                              | 32         |
+-----------+----------+------------------------------------------------+------------+

2. REPORT DETAILS
-----------------
TIMING-6#1 Warning
No common primary clock between related clocks  
The clocks clk_out1_design_2_clk_wiz_1 and clk_out1_design_2_clk_wiz_1_1 are related (timed together) but they have no common primary clock. The design could fail in hardware. To find a timing path between these clocks, run the following command: report_timing -from [get_clocks clk_out1_design_2_clk_wiz_1] -to [get_clocks clk_out1_design_2_clk_wiz_1_1]
Related violations: <none>

TIMING-6#2 Warning
No common primary clock between related clocks  
The clocks clk_out1_design_2_clk_wiz_1 and clk_out2_design_2_clk_wiz_1_1 are related (timed together) but they have no common primary clock. The design could fail in hardware. To find a timing path between these clocks, run the following command: report_timing -from [get_clocks clk_out1_design_2_clk_wiz_1] -to [get_clocks clk_out2_design_2_clk_wiz_1_1]
Related violations: <none>

TIMING-6#3 Warning
No common primary clock between related clocks  
The clocks clk_out1_design_2_clk_wiz_1_1 and clk_out1_design_2_clk_wiz_1 are related (timed together) but they have no common primary clock. The design could fail in hardware. To find a timing path between these clocks, run the following command: report_timing -from [get_clocks clk_out1_design_2_clk_wiz_1_1] -to [get_clocks clk_out1_design_2_clk_wiz_1]
Related violations: <none>

TIMING-6#4 Warning
No common primary clock between related clocks  
The clocks clk_out1_design_2_clk_wiz_1_1 and clk_out2_design_2_clk_wiz_1 are related (timed together) but they have no common primary clock. The design could fail in hardware. To find a timing path between these clocks, run the following command: report_timing -from [get_clocks clk_out1_design_2_clk_wiz_1_1] -to [get_clocks clk_out2_design_2_clk_wiz_1]
Related violations: <none>

TIMING-6#5 Warning
No common primary clock between related clocks  
The clocks clk_out2_design_2_clk_wiz_1 and clk_out2_design_2_clk_wiz_1_1 are related (timed together) but they have no common primary clock. The design could fail in hardware. To find a timing path between these clocks, run the following command: report_timing -from [get_clocks clk_out2_design_2_clk_wiz_1] -to [get_clocks clk_out2_design_2_clk_wiz_1_1]
Related violations: <none>

TIMING-6#6 Warning
No common primary clock between related clocks  
The clocks clk_out2_design_2_clk_wiz_1_1 and clk_out2_design_2_clk_wiz_1 are related (timed together) but they have no common primary clock. The design could fail in hardware. To find a timing path between these clocks, run the following command: report_timing -from [get_clocks clk_out2_design_2_clk_wiz_1_1] -to [get_clocks clk_out2_design_2_clk_wiz_1]
Related violations: <none>

TIMING-18#1 Warning
Missing input or output delay  
An input delay is missing on reset_rtl_0 relative to clock(s) clk_100MHz, sys_clk_pin
Related violations: <none>

TIMING-20#1 Warning
Non-clocked latch  
The latch design_2_i/framewriter_0/inst/framewriter_1/reg_bram_wdata_reg[0] cannot be properly analyzed as its control pin design_2_i/framewriter_0/inst/framewriter_1/reg_bram_wdata_reg[0]/G is not reached by a timing clock
Related violations: <none>

TIMING-20#2 Warning
Non-clocked latch  
The latch design_2_i/framewriter_0/inst/framewriter_1/reg_bram_wdata_reg[10] cannot be properly analyzed as its control pin design_2_i/framewriter_0/inst/framewriter_1/reg_bram_wdata_reg[10]/G is not reached by a timing clock
Related violations: <none>

TIMING-20#3 Warning
Non-clocked latch  
The latch design_2_i/framewriter_0/inst/framewriter_1/reg_bram_wdata_reg[11] cannot be properly analyzed as its control pin design_2_i/framewriter_0/inst/framewriter_1/reg_bram_wdata_reg[11]/G is not reached by a timing clock
Related violations: <none>

TIMING-20#4 Warning
Non-clocked latch  
The latch design_2_i/framewriter_0/inst/framewriter_1/reg_bram_wdata_reg[12] cannot be properly analyzed as its control pin design_2_i/framewriter_0/inst/framewriter_1/reg_bram_wdata_reg[12]/G is not reached by a timing clock
Related violations: <none>

TIMING-20#5 Warning
Non-clocked latch  
The latch design_2_i/framewriter_0/inst/framewriter_1/reg_bram_wdata_reg[13] cannot be properly analyzed as its control pin design_2_i/framewriter_0/inst/framewriter_1/reg_bram_wdata_reg[13]/G is not reached by a timing clock
Related violations: <none>

TIMING-20#6 Warning
Non-clocked latch  
The latch design_2_i/framewriter_0/inst/framewriter_1/reg_bram_wdata_reg[14] cannot be properly analyzed as its control pin design_2_i/framewriter_0/inst/framewriter_1/reg_bram_wdata_reg[14]/G is not reached by a timing clock
Related violations: <none>

TIMING-20#7 Warning
Non-clocked latch  
The latch design_2_i/framewriter_0/inst/framewriter_1/reg_bram_wdata_reg[15] cannot be properly analyzed as its control pin design_2_i/framewriter_0/inst/framewriter_1/reg_bram_wdata_reg[15]/G is not reached by a timing clock
Related violations: <none>

TIMING-20#8 Warning
Non-clocked latch  
The latch design_2_i/framewriter_0/inst/framewriter_1/reg_bram_wdata_reg[16] cannot be properly analyzed as its control pin design_2_i/framewriter_0/inst/framewriter_1/reg_bram_wdata_reg[16]/G is not reached by a timing clock
Related violations: <none>

TIMING-20#9 Warning
Non-clocked latch  
The latch design_2_i/framewriter_0/inst/framewriter_1/reg_bram_wdata_reg[17] cannot be properly analyzed as its control pin design_2_i/framewriter_0/inst/framewriter_1/reg_bram_wdata_reg[17]/G is not reached by a timing clock
Related violations: <none>

TIMING-20#10 Warning
Non-clocked latch  
The latch design_2_i/framewriter_0/inst/framewriter_1/reg_bram_wdata_reg[18] cannot be properly analyzed as its control pin design_2_i/framewriter_0/inst/framewriter_1/reg_bram_wdata_reg[18]/G is not reached by a timing clock
Related violations: <none>

TIMING-20#11 Warning
Non-clocked latch  
The latch design_2_i/framewriter_0/inst/framewriter_1/reg_bram_wdata_reg[19] cannot be properly analyzed as its control pin design_2_i/framewriter_0/inst/framewriter_1/reg_bram_wdata_reg[19]/G is not reached by a timing clock
Related violations: <none>

TIMING-20#12 Warning
Non-clocked latch  
The latch design_2_i/framewriter_0/inst/framewriter_1/reg_bram_wdata_reg[1] cannot be properly analyzed as its control pin design_2_i/framewriter_0/inst/framewriter_1/reg_bram_wdata_reg[1]/G is not reached by a timing clock
Related violations: <none>

TIMING-20#13 Warning
Non-clocked latch  
The latch design_2_i/framewriter_0/inst/framewriter_1/reg_bram_wdata_reg[20] cannot be properly analyzed as its control pin design_2_i/framewriter_0/inst/framewriter_1/reg_bram_wdata_reg[20]/G is not reached by a timing clock
Related violations: <none>

TIMING-20#14 Warning
Non-clocked latch  
The latch design_2_i/framewriter_0/inst/framewriter_1/reg_bram_wdata_reg[21] cannot be properly analyzed as its control pin design_2_i/framewriter_0/inst/framewriter_1/reg_bram_wdata_reg[21]/G is not reached by a timing clock
Related violations: <none>

TIMING-20#15 Warning
Non-clocked latch  
The latch design_2_i/framewriter_0/inst/framewriter_1/reg_bram_wdata_reg[22] cannot be properly analyzed as its control pin design_2_i/framewriter_0/inst/framewriter_1/reg_bram_wdata_reg[22]/G is not reached by a timing clock
Related violations: <none>

TIMING-20#16 Warning
Non-clocked latch  
The latch design_2_i/framewriter_0/inst/framewriter_1/reg_bram_wdata_reg[23] cannot be properly analyzed as its control pin design_2_i/framewriter_0/inst/framewriter_1/reg_bram_wdata_reg[23]/G is not reached by a timing clock
Related violations: <none>

TIMING-20#17 Warning
Non-clocked latch  
The latch design_2_i/framewriter_0/inst/framewriter_1/reg_bram_wdata_reg[24] cannot be properly analyzed as its control pin design_2_i/framewriter_0/inst/framewriter_1/reg_bram_wdata_reg[24]/G is not reached by a timing clock
Related violations: <none>

TIMING-20#18 Warning
Non-clocked latch  
The latch design_2_i/framewriter_0/inst/framewriter_1/reg_bram_wdata_reg[25] cannot be properly analyzed as its control pin design_2_i/framewriter_0/inst/framewriter_1/reg_bram_wdata_reg[25]/G is not reached by a timing clock
Related violations: <none>

TIMING-20#19 Warning
Non-clocked latch  
The latch design_2_i/framewriter_0/inst/framewriter_1/reg_bram_wdata_reg[26] cannot be properly analyzed as its control pin design_2_i/framewriter_0/inst/framewriter_1/reg_bram_wdata_reg[26]/G is not reached by a timing clock
Related violations: <none>

TIMING-20#20 Warning
Non-clocked latch  
The latch design_2_i/framewriter_0/inst/framewriter_1/reg_bram_wdata_reg[27] cannot be properly analyzed as its control pin design_2_i/framewriter_0/inst/framewriter_1/reg_bram_wdata_reg[27]/G is not reached by a timing clock
Related violations: <none>

TIMING-20#21 Warning
Non-clocked latch  
The latch design_2_i/framewriter_0/inst/framewriter_1/reg_bram_wdata_reg[28] cannot be properly analyzed as its control pin design_2_i/framewriter_0/inst/framewriter_1/reg_bram_wdata_reg[28]/G is not reached by a timing clock
Related violations: <none>

TIMING-20#22 Warning
Non-clocked latch  
The latch design_2_i/framewriter_0/inst/framewriter_1/reg_bram_wdata_reg[29] cannot be properly analyzed as its control pin design_2_i/framewriter_0/inst/framewriter_1/reg_bram_wdata_reg[29]/G is not reached by a timing clock
Related violations: <none>

TIMING-20#23 Warning
Non-clocked latch  
The latch design_2_i/framewriter_0/inst/framewriter_1/reg_bram_wdata_reg[2] cannot be properly analyzed as its control pin design_2_i/framewriter_0/inst/framewriter_1/reg_bram_wdata_reg[2]/G is not reached by a timing clock
Related violations: <none>

TIMING-20#24 Warning
Non-clocked latch  
The latch design_2_i/framewriter_0/inst/framewriter_1/reg_bram_wdata_reg[30] cannot be properly analyzed as its control pin design_2_i/framewriter_0/inst/framewriter_1/reg_bram_wdata_reg[30]/G is not reached by a timing clock
Related violations: <none>

TIMING-20#25 Warning
Non-clocked latch  
The latch design_2_i/framewriter_0/inst/framewriter_1/reg_bram_wdata_reg[31] cannot be properly analyzed as its control pin design_2_i/framewriter_0/inst/framewriter_1/reg_bram_wdata_reg[31]/G is not reached by a timing clock
Related violations: <none>

TIMING-20#26 Warning
Non-clocked latch  
The latch design_2_i/framewriter_0/inst/framewriter_1/reg_bram_wdata_reg[3] cannot be properly analyzed as its control pin design_2_i/framewriter_0/inst/framewriter_1/reg_bram_wdata_reg[3]/G is not reached by a timing clock
Related violations: <none>

TIMING-20#27 Warning
Non-clocked latch  
The latch design_2_i/framewriter_0/inst/framewriter_1/reg_bram_wdata_reg[4] cannot be properly analyzed as its control pin design_2_i/framewriter_0/inst/framewriter_1/reg_bram_wdata_reg[4]/G is not reached by a timing clock
Related violations: <none>

TIMING-20#28 Warning
Non-clocked latch  
The latch design_2_i/framewriter_0/inst/framewriter_1/reg_bram_wdata_reg[5] cannot be properly analyzed as its control pin design_2_i/framewriter_0/inst/framewriter_1/reg_bram_wdata_reg[5]/G is not reached by a timing clock
Related violations: <none>

TIMING-20#29 Warning
Non-clocked latch  
The latch design_2_i/framewriter_0/inst/framewriter_1/reg_bram_wdata_reg[6] cannot be properly analyzed as its control pin design_2_i/framewriter_0/inst/framewriter_1/reg_bram_wdata_reg[6]/G is not reached by a timing clock
Related violations: <none>

TIMING-20#30 Warning
Non-clocked latch  
The latch design_2_i/framewriter_0/inst/framewriter_1/reg_bram_wdata_reg[7] cannot be properly analyzed as its control pin design_2_i/framewriter_0/inst/framewriter_1/reg_bram_wdata_reg[7]/G is not reached by a timing clock
Related violations: <none>

TIMING-20#31 Warning
Non-clocked latch  
The latch design_2_i/framewriter_0/inst/framewriter_1/reg_bram_wdata_reg[8] cannot be properly analyzed as its control pin design_2_i/framewriter_0/inst/framewriter_1/reg_bram_wdata_reg[8]/G is not reached by a timing clock
Related violations: <none>

TIMING-20#32 Warning
Non-clocked latch  
The latch design_2_i/framewriter_0/inst/framewriter_1/reg_bram_wdata_reg[9] cannot be properly analyzed as its control pin design_2_i/framewriter_0/inst/framewriter_1/reg_bram_wdata_reg[9]/G is not reached by a timing clock
Related violations: <none>


