00:02:51 **** Clean-only build of configuration Debug for project vga2 ****
make clean 
rm -rf  ./src/testperiph.o ./src/xgpio_tapp_example.o ./src/xintc_tapp_example.o  ./src/testperiph.d ./src/xgpio_tapp_example.d ./src/xintc_tapp_example.d  vga2.elf.size  vga2.elf
' '
00:02:51 **** Clean-only build of project vga2_bsp ****
make -k clean 
make -C microblaze_0/libsrc/bram_v4_2/src -s clean 
make -C microblaze_0/libsrc/cpu_v2_8/src -s clean 
make -C microblaze_0/libsrc/framewriter_v1_0/src -s clean 
rm: cannot lstat `*.o': Invalid argument
make[1]: *** [Makefile:26: clean] Error 1
make -C microblaze_0/libsrc/gpio_v4_3/src -s clean 
make: *** [Makefile:33: microblaze_0/libsrc/framewriter_v1_0/src/make.clean] Error 2
make -C microblaze_0/libsrc/intc_v3_8/src -s clean 
make -C microblaze_0/libsrc/standalone_v6_8/src -s clean 
make: Target 'clean' not remade because of errors.
00:02:51 **** Build of project vga2_bsp ****
make -k all 
"Running Make include in microblaze_0/libsrc/bram_v4_2/src"
make -C microblaze_0/libsrc/bram_v4_2/src -s include  "SHELL=CMD" "COMPILER=mb-gcc" "ARCHIVER=mb-ar" "COMPILER_FLAGS=  -O2 -c -mcpu=v11.0 -mlittle-endian -mxl-soft-mul" "EXTRA_COMPILER_FLAGS=-ffunction-sections -fdata-sections -Wall -Wextra"
"Running Make include in microblaze_0/libsrc/cpu_v2_8/src"
make -C microblaze_0/libsrc/cpu_v2_8/src -s include  "SHELL=CMD" "COMPILER=mb-gcc" "ARCHIVER=mb-ar" "COMPILER_FLAGS=  -O2 -c -mcpu=v11.0 -mlittle-endian -mxl-soft-mul" "EXTRA_COMPILER_FLAGS=-ffunction-sections -fdata-sections -Wall -Wextra"
"Running Make include in microblaze_0/libsrc/framewriter_v1_0/src"
make -C microblaze_0/libsrc/framewriter_v1_0/src -s include  "SHELL=CMD" "COMPILER=mb-gcc" "ARCHIVER=mb-ar" "COMPILER_FLAGS=  -O2 -c -mcpu=v11.0 -mlittle-endian -mxl-soft-mul" "EXTRA_COMPILER_FLAGS=-ffunction-sections -fdata-sections -Wall -Wextra"
"Running Make include in microblaze_0/libsrc/gpio_v4_3/src"
make -C microblaze_0/libsrc/gpio_v4_3/src -s include  "SHELL=CMD" "COMPILER=mb-gcc" "ARCHIVER=mb-ar" "COMPILER_FLAGS=  -O2 -c -mcpu=v11.0 -mlittle-endian -mxl-soft-mul" "EXTRA_COMPILER_FLAGS=-ffunction-sections -fdata-sections -Wall -Wextra"
"Running Make include in microblaze_0/libsrc/intc_v3_8/src"
make -C microblaze_0/libsrc/intc_v3_8/src -s include  "SHELL=CMD" "COMPILER=mb-gcc" "ARCHIVER=mb-ar" "COMPILER_FLAGS=  -O2 -c -mcpu=v11.0 -mlittle-endian -mxl-soft-mul" "EXTRA_COMPILER_FLAGS=-ffunction-sections -fdata-sections -Wall -Wextra"
"Running Make include in microblaze_0/libsrc/standalone_v6_8/src"
make -C microblaze_0/libsrc/standalone_v6_8/src -s include  "SHELL=CMD" "COMPILER=mb-gcc" "ARCHIVER=mb-ar" "COMPILER_FLAGS=  -O2 -c -mcpu=v11.0 -mlittle-endian -mxl-soft-mul" "EXTRA_COMPILER_FLAGS=-ffunction-sections -fdata-sections -Wall -Wextra"
"Running Make libs in microblaze_0/libsrc/bram_v4_2/src"
make -C microblaze_0/libsrc/bram_v4_2/src -s libs  "SHELL=CMD" "COMPILER=mb-gcc" "ARCHIVER=mb-ar" "COMPILER_FLAGS=  -O2 -c -mcpu=v11.0 -mlittle-endian -mxl-soft-mul" "EXTRA_COMPILER_FLAGS=-ffunction-sections -fdata-sections -Wall -Wextra"
"Compiling bram"
mb-ar: creating ../../../lib/libxil.a
"Running Make libs in microblaze_0/libsrc/cpu_v2_8/src"
make -C microblaze_0/libsrc/cpu_v2_8/src -s libs  "SHELL=CMD" "COMPILER=mb-gcc" "ARCHIVER=mb-ar" "COMPILER_FLAGS=  -O2 -c -mcpu=v11.0 -mlittle-endian -mxl-soft-mul" "EXTRA_COMPILER_FLAGS=-ffunction-sections -fdata-sections -Wall -Wextra"
"Compiling cpu"
"Running Make libs in microblaze_0/libsrc/framewriter_v1_0/src"
make -C microblaze_0/libsrc/framewriter_v1_0/src -s libs  "SHELL=CMD" "COMPILER=mb-gcc" "ARCHIVER=mb-ar" "COMPILER_FLAGS=  -O2 -c -mcpu=v11.0 -mlittle-endian -mxl-soft-mul" "EXTRA_COMPILER_FLAGS=-ffunction-sections -fdata-sections -Wall -Wextra"
"Compiling framewriter..."
framewriter_selftest.c: In function 'FRAMEWRITER_Reg_SelfTest':
framewriter_selftest.c:52:60: warning: comparison between signed and unsigned integer expressions [-Wsign-compare]
    if ( FRAMEWRITER_mReadReg (baseaddr, read_loop_index*4) != (read_loop_index+1)*READ_WRITE_MUL_FACTOR){
                                                            ^~
framewriter_selftest.c:36:6: warning: unused variable 'Index' [-Wunused-variable]
  int Index;
      ^~~~~
"Running Make libs in microblaze_0/libsrc/gpio_v4_3/src"
make -C microblaze_0/libsrc/gpio_v4_3/src -s libs  "SHELL=CMD" "COMPILER=mb-gcc" "ARCHIVER=mb-ar" "COMPILER_FLAGS=  -O2 -c -mcpu=v11.0 -mlittle-endian -mxl-soft-mul" "EXTRA_COMPILER_FLAGS=-ffunction-sections -fdata-sections -Wall -Wextra"
"Compiling gpio"
"Running Make libs in microblaze_0/libsrc/intc_v3_8/src"
make -C microblaze_0/libsrc/intc_v3_8/src -s libs  "SHELL=CMD" "COMPILER=mb-gcc" "ARCHIVER=mb-ar" "COMPILER_FLAGS=  -O2 -c -mcpu=v11.0 -mlittle-endian -mxl-soft-mul" "EXTRA_COMPILER_FLAGS=-ffunction-sections -fdata-sections -Wall -Wextra"
"Compiling intc"
"Running Make libs in microblaze_0/libsrc/standalone_v6_8/src"
make -C microblaze_0/libsrc/standalone_v6_8/src -s libs  "SHELL=CMD" "COMPILER=mb-gcc" "ARCHIVER=mb-ar" "COMPILER_FLAGS=  -O2 -c -mcpu=v11.0 -mlittle-endian -mxl-soft-mul" "EXTRA_COMPILER_FLAGS=-ffunction-sections -fdata-sections -Wall -Wextra"
"Compiling standalone";
inbyte.c: In function 'inbyte':
inbyte.c:11:1: warning: control reaches end of non-void function [-Wreturn-type]
 }
 ^
outbyte.c: In function 'outbyte':
outbyte.c:11:19: warning: unused parameter 'c' [-Wunused-parameter]
 void outbyte(char c) {
                   ^
microblaze_sleep.c:77:9: note: #pragma message: For the sleep routines, assembly instructions are used
 #pragma message ("For the sleep routines, assembly instructions are used")
         ^~~~~~~
'Finished building libraries'
00:02:57 **** Build of configuration Debug for project vga2 ****
make all 
'Building file: ../src/testperiph.c'
'Invoking: MicroBlaze gcc compiler'
mb-gcc -Wall -O0 -g3 -c -fmessage-length=0 -MT"src/testperiph.o" -I../../vga2_bsp/microblaze_0/include -mlittle-endian -mcpu=v11.0 -mxl-soft-mul -Wl,--no-relax -ffunction-sections -fdata-sections -MMD -MP -MF"src/testperiph.d" -MT"src/testperiph.o" -o "src/testperiph.o" "../src/testperiph.c"
../src/testperiph.c: In function 'main':
../src/testperiph.c:117:15: warning: unused variable 'y' [-Wunused-variable]
      uint32_t y = coords[coord_idx][1];
               ^
../src/testperiph.c:116:15: warning: unused variable 'x' [-Wunused-variable]
      uint32_t x = coords[coord_idx][0];
               ^
../src/testperiph.c:76:17: warning: unused variable 'intc' [-Wunused-variable]
    static XIntc intc;
                 ^~~~
At top level:
../src/testperiph.c:76:17: warning: 'intc' defined but not used [-Wunused-variable]
'Finished building: ../src/testperiph.c'
' '
'Building file: ../src/xgpio_tapp_example.c'
'Invoking: MicroBlaze gcc compiler'
mb-gcc -Wall -O0 -g3 -c -fmessage-length=0 -MT"src/xgpio_tapp_example.o" -I../../vga2_bsp/microblaze_0/include -mlittle-endian -mcpu=v11.0 -mxl-soft-mul -Wl,--no-relax -ffunction-sections -fdata-sections -MMD -MP -MF"src/xgpio_tapp_example.d" -MT"src/xgpio_tapp_example.o" -o "src/xgpio_tapp_example.o" "../src/xgpio_tapp_example.c"
'Finished building: ../src/xgpio_tapp_example.c'
' '
'Building file: ../src/xintc_tapp_example.c'
'Invoking: MicroBlaze gcc compiler'
mb-gcc -Wall -O0 -g3 -c -fmessage-length=0 -MT"src/xintc_tapp_example.o" -I../../vga2_bsp/microblaze_0/include -mlittle-endian -mcpu=v11.0 -mxl-soft-mul -Wl,--no-relax -ffunction-sections -fdata-sections -MMD -MP -MF"src/xintc_tapp_example.d" -MT"src/xintc_tapp_example.o" -o "src/xintc_tapp_example.o" "../src/xintc_tapp_example.c"
'Finished building: ../src/xintc_tapp_example.c'
' '
'Building target: vga2.elf'
'Invoking: MicroBlaze gcc linker'
mb-gcc -Wl,-T -Wl,../src/lscript.ld -L../../vga2_bsp/microblaze_0/lib -mlittle-endian -mcpu=v11.0 -mxl-soft-mul -Wl,--no-relax -Wl,--gc-sections -o "vga2.elf"  ./src/testperiph.o ./src/xgpio_tapp_example.o ./src/xintc_tapp_example.o   -Wl,--start-group,-lxil,-lgcc,-lc,--end-group
'Finished building target: vga2.elf'
' '
'Invoking: MicroBlaze Print Size'
mb-size vga2.elf  |tee "vga2.elf.size"
   text	   data	    bss	    dec	    hex	filename
   5920	    364	   3132	   9416	   24c8	vga2.elf
'Finished building: vga2.elf.size'
' '
00:03:28 **** Incremental Build of configuration Debug for project vga2 ****
make all 
make: Nothing to be done for 'all'.
00:04:20 **** Incremental Build of configuration Debug for project vga2 ****
make all 
make: Nothing to be done for 'all'.
00:05:15 **** Incremental Build of configuration Debug for project vga2 ****
make all 
make: Nothing to be done for 'all'.
00:07:28 **** Auto Build of configuration Debug for project vga2 ****
make all 
'Building file: ../src/testperiph.c'
'Invoking: MicroBlaze gcc compiler'
mb-gcc -Wall -O0 -g3 -c -fmessage-length=0 -MT"src/testperiph.o" -I../../vga2_bsp/microblaze_0/include -mlittle-endian -mcpu=v11.0 -mxl-soft-mul -Wl,--no-relax -ffunction-sections -fdata-sections -MMD -MP -MF"src/testperiph.d" -MT"src/testperiph.o" -o "src/testperiph.o" "../src/testperiph.c"
../src/testperiph.c: In function 'main':
../src/testperiph.c:117:15: warning: unused variable 'y' [-Wunused-variable]
      uint32_t y = coords[coord_idx][1];
               ^
../src/testperiph.c:116:15: warning: unused variable 'x' [-Wunused-variable]
      uint32_t x = coords[coord_idx][0];
               ^
../src/testperiph.c:76:17: warning: unused variable 'intc' [-Wunused-variable]
    static XIntc intc;
                 ^~~~
At top level:
../src/testperiph.c:76:17: warning: 'intc' defined but not used [-Wunused-variable]
'Finished building: ../src/testperiph.c'
' '
'Building target: vga2.elf'
'Invoking: MicroBlaze gcc linker'
mb-gcc -Wl,-T -Wl,../src/lscript.ld -L../../vga2_bsp/microblaze_0/lib -mlittle-endian -mcpu=v11.0 -mxl-soft-mul -Wl,--no-relax -Wl,--gc-sections -o "vga2.elf"  ./src/testperiph.o ./src/xgpio_tapp_example.o ./src/xintc_tapp_example.o   -Wl,--start-group,-lxil,-lgcc,-lc,--end-group
'Finished building target: vga2.elf'
' '
'Invoking: MicroBlaze Print Size'
mb-size vga2.elf  |tee "vga2.elf.size"
   text	   data	    bss	    dec	    hex	filename
   5928	    364	   3132	   9424	   24d0	vga2.elf
'Finished building: vga2.elf.size'
' '
00:07:58 **** Incremental Build of configuration Debug for project vga2 ****
make all 
make: Nothing to be done for 'all'.
00:10:42 **** Auto Build of configuration Debug for project vga2 ****
make all 
'Building file: ../src/testperiph.c'
'Invoking: MicroBlaze gcc compiler'
mb-gcc -Wall -O0 -g3 -c -fmessage-length=0 -MT"src/testperiph.o" -I../../vga2_bsp/microblaze_0/include -mlittle-endian -mcpu=v11.0 -mxl-soft-mul -Wl,--no-relax -ffunction-sections -fdata-sections -MMD -MP -MF"src/testperiph.d" -MT"src/testperiph.o" -o "src/testperiph.o" "../src/testperiph.c"
../src/testperiph.c: In function 'main':
../src/testperiph.c:76:17: warning: unused variable 'intc' [-Wunused-variable]
    static XIntc intc;
                 ^~~~
At top level:
../src/testperiph.c:76:17: warning: 'intc' defined but not used [-Wunused-variable]
'Finished building: ../src/testperiph.c'
' '
'Building target: vga2.elf'
'Invoking: MicroBlaze gcc linker'
mb-gcc -Wl,-T -Wl,../src/lscript.ld -L../../vga2_bsp/microblaze_0/lib -mlittle-endian -mcpu=v11.0 -mxl-soft-mul -Wl,--no-relax -Wl,--gc-sections -o "vga2.elf"  ./src/testperiph.o ./src/xgpio_tapp_example.o ./src/xintc_tapp_example.o   -Wl,--start-group,-lxil,-lgcc,-lc,--end-group
'Finished building target: vga2.elf'
' '
'Invoking: MicroBlaze Print Size'
mb-size vga2.elf  |tee "vga2.elf.size"
   text	   data	    bss	    dec	    hex	filename
   5928	    364	   3132	   9424	   24d0	vga2.elf
'Finished building: vga2.elf.size'
' '
00:12:31 **** Incremental Build of configuration Debug for project vga2 ****
make all 
make: Nothing to be done for 'all'.
00:14:27 **** Incremental Build of configuration Debug for project vga2 ****
make all 
make: Nothing to be done for 'all'.
15:27:47 **** Incremental Build of configuration Debug for project vga2 ****
make all 
make: Nothing to be done for 'all'.
10:52:37 **** Build of project vga2_bsp ****
make -k all 
"Running Make include in microblaze_0/libsrc/bram_v4_2/src"
make -C microblaze_0/libsrc/bram_v4_2/src -s include  "SHELL=CMD" "COMPILER=mb-gcc" "ARCHIVER=mb-ar" "COMPILER_FLAGS=  -O2 -c -mcpu=v11.0 -mlittle-endian -mxl-soft-mul" "EXTRA_COMPILER_FLAGS=-ffunction-sections -fdata-sections -Wall -Wextra"
"Running Make include in microblaze_0/libsrc/cpu_v2_8/src"
make -C microblaze_0/libsrc/cpu_v2_8/src -s include  "SHELL=CMD" "COMPILER=mb-gcc" "ARCHIVER=mb-ar" "COMPILER_FLAGS=  -O2 -c -mcpu=v11.0 -mlittle-endian -mxl-soft-mul" "EXTRA_COMPILER_FLAGS=-ffunction-sections -fdata-sections -Wall -Wextra"
"Running Make include in microblaze_0/libsrc/framewriter_v1_0/src"
make -C microblaze_0/libsrc/framewriter_v1_0/src -s include  "SHELL=CMD" "COMPILER=mb-gcc" "ARCHIVER=mb-ar" "COMPILER_FLAGS=  -O2 -c -mcpu=v11.0 -mlittle-endian -mxl-soft-mul" "EXTRA_COMPILER_FLAGS=-ffunction-sections -fdata-sections -Wall -Wextra"
"Running Make include in microblaze_0/libsrc/gpio_v4_3/src"
make -C microblaze_0/libsrc/gpio_v4_3/src -s include  "SHELL=CMD" "COMPILER=mb-gcc" "ARCHIVER=mb-ar" "COMPILER_FLAGS=  -O2 -c -mcpu=v11.0 -mlittle-endian -mxl-soft-mul" "EXTRA_COMPILER_FLAGS=-ffunction-sections -fdata-sections -Wall -Wextra"
"Running Make include in microblaze_0/libsrc/intc_v3_8/src"
make -C microblaze_0/libsrc/intc_v3_8/src -s include  "SHELL=CMD" "COMPILER=mb-gcc" "ARCHIVER=mb-ar" "COMPILER_FLAGS=  -O2 -c -mcpu=v11.0 -mlittle-endian -mxl-soft-mul" "EXTRA_COMPILER_FLAGS=-ffunction-sections -fdata-sections -Wall -Wextra"
"Running Make include in microblaze_0/libsrc/standalone_v6_8/src"
make -C microblaze_0/libsrc/standalone_v6_8/src -s include  "SHELL=CMD" "COMPILER=mb-gcc" "ARCHIVER=mb-ar" "COMPILER_FLAGS=  -O2 -c -mcpu=v11.0 -mlittle-endian -mxl-soft-mul" "EXTRA_COMPILER_FLAGS=-ffunction-sections -fdata-sections -Wall -Wextra"
"Running Make libs in microblaze_0/libsrc/bram_v4_2/src"
make -C microblaze_0/libsrc/bram_v4_2/src -s libs  "SHELL=CMD" "COMPILER=mb-gcc" "ARCHIVER=mb-ar" "COMPILER_FLAGS=  -O2 -c -mcpu=v11.0 -mlittle-endian -mxl-soft-mul" "EXTRA_COMPILER_FLAGS=-ffunction-sections -fdata-sections -Wall -Wextra"
"Compiling bram"
"Running Make libs in microblaze_0/libsrc/cpu_v2_8/src"
make -C microblaze_0/libsrc/cpu_v2_8/src -s libs  "SHELL=CMD" "COMPILER=mb-gcc" "ARCHIVER=mb-ar" "COMPILER_FLAGS=  -O2 -c -mcpu=v11.0 -mlittle-endian -mxl-soft-mul" "EXTRA_COMPILER_FLAGS=-ffunction-sections -fdata-sections -Wall -Wextra"
"Compiling cpu"
"Running Make libs in microblaze_0/libsrc/framewriter_v1_0/src"
make -C microblaze_0/libsrc/framewriter_v1_0/src -s libs  "SHELL=CMD" "COMPILER=mb-gcc" "ARCHIVER=mb-ar" "COMPILER_FLAGS=  -O2 -c -mcpu=v11.0 -mlittle-endian -mxl-soft-mul" "EXTRA_COMPILER_FLAGS=-ffunction-sections -fdata-sections -Wall -Wextra"
"Compiling framewriter..."
framewriter_selftest.c: In function 'FRAMEWRITER_Reg_SelfTest':
framewriter_selftest.c:52:60: warning: comparison between signed and unsigned integer expressions [-Wsign-compare]
    if ( FRAMEWRITER_mReadReg (baseaddr, read_loop_index*4) != (read_loop_index+1)*READ_WRITE_MUL_FACTOR){
                                                            ^~
framewriter_selftest.c:36:6: warning: unused variable 'Index' [-Wunused-variable]
  int Index;
      ^~~~~
"Running Make libs in microblaze_0/libsrc/gpio_v4_3/src"
make -C microblaze_0/libsrc/gpio_v4_3/src -s libs  "SHELL=CMD" "COMPILER=mb-gcc" "ARCHIVER=mb-ar" "COMPILER_FLAGS=  -O2 -c -mcpu=v11.0 -mlittle-endian -mxl-soft-mul" "EXTRA_COMPILER_FLAGS=-ffunction-sections -fdata-sections -Wall -Wextra"
"Compiling gpio"
"Running Make libs in microblaze_0/libsrc/intc_v3_8/src"
make -C microblaze_0/libsrc/intc_v3_8/src -s libs  "SHELL=CMD" "COMPILER=mb-gcc" "ARCHIVER=mb-ar" "COMPILER_FLAGS=  -O2 -c -mcpu=v11.0 -mlittle-endian -mxl-soft-mul" "EXTRA_COMPILER_FLAGS=-ffunction-sections -fdata-sections -Wall -Wextra"
"Compiling intc"
"Running Make libs in microblaze_0/libsrc/standalone_v6_8/src"
make -C microblaze_0/libsrc/standalone_v6_8/src -s libs  "SHELL=CMD" "COMPILER=mb-gcc" "ARCHIVER=mb-ar" "COMPILER_FLAGS=  -O2 -c -mcpu=v11.0 -mlittle-endian -mxl-soft-mul" "EXTRA_COMPILER_FLAGS=-ffunction-sections -fdata-sections -Wall -Wextra"
"Compiling standalone";
inbyte.c: In function 'inbyte':
inbyte.c:11:1: warning: control reaches end of non-void function [-Wreturn-type]
 }
 ^
outbyte.c: In function 'outbyte':
outbyte.c:11:19: warning: unused parameter 'c' [-Wunused-parameter]
 void outbyte(char c) {
                   ^
microblaze_sleep.c:77:9: note: #pragma message: For the sleep routines, assembly instructions are used
 #pragma message ("For the sleep routines, assembly instructions are used")
         ^~~~~~~
'Finished building libraries'
10:52:45 **** Build of configuration Debug for project vga2 ****
make all 
'Building file: ../src/testperiph.c'
'Invoking: MicroBlaze gcc compiler'
mb-gcc -Wall -O0 -g3 -c -fmessage-length=0 -MT"src/testperiph.o" -I../../vga2_bsp/microblaze_0/include -mlittle-endian -mcpu=v11.0 -mxl-soft-mul -Wl,--no-relax -ffunction-sections -fdata-sections -MMD -MP -MF"src/testperiph.d" -MT"src/testperiph.o" -o "src/testperiph.o" "../src/testperiph.c"
../src/testperiph.c:32:10: fatal error: xil_cache.h: No such file or directory
 #include "xil_cache.h"
          ^~~~~~~~~~~~~
compilation terminated.
make: *** [src/subdir.mk:29: src/testperiph.o] Error 1
10:54:59 **** Auto Build of configuration Debug for project vga2 ****
make all 
'Building file: ../src/testperiph.c'
'Invoking: MicroBlaze gcc compiler'
mb-gcc -Wall -O0 -g3 -c -fmessage-length=0 -MT"src/testperiph.o" -I../../vga2_bsp/microblaze_0/include -mlittle-endian -mcpu=v11.0 -mxl-soft-mul -Wl,--no-relax -ffunction-sections -fdata-sections -MMD -MP -MF"src/testperiph.d" -MT"src/testperiph.o" -o "src/testperiph.o" "../src/testperiph.c"
../src/testperiph.c:32:10: fatal error: xil_cache.h: No such file or directory
 #include "xil_cache.h"
          ^~~~~~~~~~~~~
compilation terminated.
make: *** [src/subdir.mk:29: src/testperiph.o] Error 1
11:15:17 **** Incremental Build of configuration Debug for project vga2 ****
make all 
'Building file: ../src/testperiph.c'
'Invoking: MicroBlaze gcc compiler'
mb-gcc -Wall -O0 -g3 -c -fmessage-length=0 -MT"src/testperiph.o" -I../../vga2_bsp/microblaze_0/include -mlittle-endian -mcpu=v11.0 -mxl-soft-mul -Wl,--no-relax -ffunction-sections -fdata-sections -MMD -MP -MF"src/testperiph.d" -MT"src/testperiph.o" -o "src/testperiph.o" "../src/testperiph.c"
../src/testperiph.c:32:10: fatal error: xil_cache.h: No such file or directory
 #include "xil_cache.h"
          ^~~~~~~~~~~~~
compilation terminated.
make: *** [src/subdir.mk:29: src/testperiph.o] Error 1
11:16:26 **** Auto Build of configuration Debug for project vga2 ****
make all 
'Building file: ../src/testperiph.c'
'Invoking: MicroBlaze gcc compiler'
mb-gcc -Wall -O0 -g3 -c -fmessage-length=0 -MT"src/testperiph.o" -I../../vga2_bsp/microblaze_0/include -mlittle-endian -mcpu=v11.0 -mxl-soft-mul -Wl,--no-relax -ffunction-sections -fdata-sections -MMD -MP -MF"src/testperiph.d" -MT"src/testperiph.o" -o "src/testperiph.o" "../src/testperiph.c"
../src/testperiph.c:33:10: fatal error: xintc.h: No such file or directory
 #include "xintc.h"
          ^~~~~~~~~
compilation terminated.
make: *** [src/subdir.mk:29: src/testperiph.o] Error 1
11:16:58 **** Incremental Build of configuration Debug for project vga2 ****
make all 
'Building file: ../src/testperiph.c'
'Invoking: MicroBlaze gcc compiler'
mb-gcc -Wall -O0 -g3 -c -fmessage-length=0 -MT"src/testperiph.o" -I../../vga2_bsp/microblaze_0/include -mlittle-endian -mcpu=v11.0 -mxl-soft-mul -Wl,--no-relax -ffunction-sections -fdata-sections -MMD -MP -MF"src/testperiph.d" -MT"src/testperiph.o" -o "src/testperiph.o" "../src/testperiph.c"
../src/testperiph.c:33:10: fatal error: xintc.h: No such file or directory
 #include "xintc.h"
          ^~~~~~~~~
compilation terminated.
make: *** [src/subdir.mk:29: src/testperiph.o] Error 1
12:51:28 **** Auto Build of configuration Debug for project vga2 ****
make all 
'Building file: ../src/testperiph.c'
'Invoking: MicroBlaze gcc compiler'
mb-gcc -Wall -O0 -g3 -c -fmessage-length=0 -MT"src/testperiph.o" -I../../vga2_bsp/microblaze_0/include -mlittle-endian -mcpu=v11.0 -mxl-soft-mul -Wl,--no-relax -ffunction-sections -fdata-sections -MMD -MP -MF"src/testperiph.d" -MT"src/testperiph.o" -o "src/testperiph.o" "../src/testperiph.c"
../src/testperiph.c:32:10: fatal error: xil_cache.h: No such file or directory
 #include "xil_cache.h"
          ^~~~~~~~~~~~~
compilation terminated.
make: *** [src/subdir.mk:29: src/testperiph.o] Error 1
12:51:58 **** Auto Build of configuration Debug for project vga2 ****
make all 
'Building file: ../src/testperiph.c'
'Invoking: MicroBlaze gcc compiler'
mb-gcc -Wall -O0 -g3 -c -fmessage-length=0 -MT"src/testperiph.o" -I../../vga2_bsp/microblaze_0/include -mlittle-endian -mcpu=v11.0 -mxl-soft-mul -Wl,--no-relax -ffunction-sections -fdata-sections -MMD -MP -MF"src/testperiph.d" -MT"src/testperiph.o" -o "src/testperiph.o" "../src/testperiph.c"
../src/testperiph.c:32:10: fatal error: xil_cache.h: No such file or directory
 #include "xil_cache.h"
          ^~~~~~~~~~~~~
compilation terminated.
make: *** [src/subdir.mk:29: src/testperiph.o] Error 1
12:52:28 **** Auto Build of project vga2_bsp ****
make -k all 
"Running Make include in microblaze_0/libsrc/bram_v4_2/src"
make -C microblaze_0/libsrc/bram_v4_2/src -s include  "SHELL=CMD" "COMPILER=mb-gcc" "ARCHIVER=mb-ar" "COMPILER_FLAGS=  -O2 -c -mcpu=v11.0 -mlittle-endian -mxl-soft-mul" "EXTRA_COMPILER_FLAGS=-ffunction-sections -fdata-sections -Wall -Wextra"
"Running Make include in microblaze_0/libsrc/cpu_v2_8/src"
make -C microblaze_0/libsrc/cpu_v2_8/src -s include  "SHELL=CMD" "COMPILER=mb-gcc" "ARCHIVER=mb-ar" "COMPILER_FLAGS=  -O2 -c -mcpu=v11.0 -mlittle-endian -mxl-soft-mul" "EXTRA_COMPILER_FLAGS=-ffunction-sections -fdata-sections -Wall -Wextra"
"Running Make include in microblaze_0/libsrc/framewriter_v1_0/src"
make -C microblaze_0/libsrc/framewriter_v1_0/src -s include  "SHELL=CMD" "COMPILER=mb-gcc" "ARCHIVER=mb-ar" "COMPILER_FLAGS=  -O2 -c -mcpu=v11.0 -mlittle-endian -mxl-soft-mul" "EXTRA_COMPILER_FLAGS=-ffunction-sections -fdata-sections -Wall -Wextra"
"Running Make include in microblaze_0/libsrc/gpio_v4_3/src"
make -C microblaze_0/libsrc/gpio_v4_3/src -s include  "SHELL=CMD" "COMPILER=mb-gcc" "ARCHIVER=mb-ar" "COMPILER_FLAGS=  -O2 -c -mcpu=v11.0 -mlittle-endian -mxl-soft-mul" "EXTRA_COMPILER_FLAGS=-ffunction-sections -fdata-sections -Wall -Wextra"
"Running Make include in microblaze_0/libsrc/intc_v3_8/src"
make -C microblaze_0/libsrc/intc_v3_8/src -s include  "SHELL=CMD" "COMPILER=mb-gcc" "ARCHIVER=mb-ar" "COMPILER_FLAGS=  -O2 -c -mcpu=v11.0 -mlittle-endian -mxl-soft-mul" "EXTRA_COMPILER_FLAGS=-ffunction-sections -fdata-sections -Wall -Wextra"
"Running Make include in microblaze_0/libsrc/standalone_v6_8/src"
make -C microblaze_0/libsrc/standalone_v6_8/src -s include  "SHELL=CMD" "COMPILER=mb-gcc" "ARCHIVER=mb-ar" "COMPILER_FLAGS=  -O2 -c -mcpu=v11.0 -mlittle-endian -mxl-soft-mul" "EXTRA_COMPILER_FLAGS=-ffunction-sections -fdata-sections -Wall -Wextra"
"Running Make libs in microblaze_0/libsrc/bram_v4_2/src"
make -C microblaze_0/libsrc/bram_v4_2/src -s libs  "SHELL=CMD" "COMPILER=mb-gcc" "ARCHIVER=mb-ar" "COMPILER_FLAGS=  -O2 -c -mcpu=v11.0 -mlittle-endian -mxl-soft-mul" "EXTRA_COMPILER_FLAGS=-ffunction-sections -fdata-sections -Wall -Wextra"
"Compiling bram"
mb-ar: creating ../../../lib/libxil.a
"Running Make libs in microblaze_0/libsrc/cpu_v2_8/src"
make -C microblaze_0/libsrc/cpu_v2_8/src -s libs  "SHELL=CMD" "COMPILER=mb-gcc" "ARCHIVER=mb-ar" "COMPILER_FLAGS=  -O2 -c -mcpu=v11.0 -mlittle-endian -mxl-soft-mul" "EXTRA_COMPILER_FLAGS=-ffunction-sections -fdata-sections -Wall -Wextra"
"Compiling cpu"
"Running Make libs in microblaze_0/libsrc/framewriter_v1_0/src"
make -C microblaze_0/libsrc/framewriter_v1_0/src -s libs  "SHELL=CMD" "COMPILER=mb-gcc" "ARCHIVER=mb-ar" "COMPILER_FLAGS=  -O2 -c -mcpu=v11.0 -mlittle-endian -mxl-soft-mul" "EXTRA_COMPILER_FLAGS=-ffunction-sections -fdata-sections -Wall -Wextra"
"Compiling framewriter..."
framewriter_selftest.c: In function 'FRAMEWRITER_Reg_SelfTest':
framewriter_selftest.c:52:60: warning: comparison between signed and unsigned integer expressions [-Wsign-compare]
    if ( FRAMEWRITER_mReadReg (baseaddr, read_loop_index*4) != (read_loop_index+1)*READ_WRITE_MUL_FACTOR){
                                                            ^~
framewriter_selftest.c:36:6: warning: unused variable 'Index' [-Wunused-variable]
  int Index;
      ^~~~~
"Running Make libs in microblaze_0/libsrc/gpio_v4_3/src"
make -C microblaze_0/libsrc/gpio_v4_3/src -s libs  "SHELL=CMD" "COMPILER=mb-gcc" "ARCHIVER=mb-ar" "COMPILER_FLAGS=  -O2 -c -mcpu=v11.0 -mlittle-endian -mxl-soft-mul" "EXTRA_COMPILER_FLAGS=-ffunction-sections -fdata-sections -Wall -Wextra"
"Compiling gpio"
"Running Make libs in microblaze_0/libsrc/intc_v3_8/src"
make -C microblaze_0/libsrc/intc_v3_8/src -s libs  "SHELL=CMD" "COMPILER=mb-gcc" "ARCHIVER=mb-ar" "COMPILER_FLAGS=  -O2 -c -mcpu=v11.0 -mlittle-endian -mxl-soft-mul" "EXTRA_COMPILER_FLAGS=-ffunction-sections -fdata-sections -Wall -Wextra"
"Compiling intc"
"Running Make libs in microblaze_0/libsrc/standalone_v6_8/src"
make -C microblaze_0/libsrc/standalone_v6_8/src -s libs  "SHELL=CMD" "COMPILER=mb-gcc" "ARCHIVER=mb-ar" "COMPILER_FLAGS=  -O2 -c -mcpu=v11.0 -mlittle-endian -mxl-soft-mul" "EXTRA_COMPILER_FLAGS=-ffunction-sections -fdata-sections -Wall -Wextra"
"Compiling standalone";
inbyte.c: In function 'inbyte':
inbyte.c:11:1: warning: control reaches end of non-void function [-Wreturn-type]
 }
 ^
outbyte.c: In function 'outbyte':
outbyte.c:11:19: warning: unused parameter 'c' [-Wunused-parameter]
 void outbyte(char c) {
                   ^
microblaze_sleep.c:77:9: note: #pragma message: For the sleep routines, assembly instructions are used
 #pragma message ("For the sleep routines, assembly instructions are used")
         ^~~~~~~
'Finished building libraries'
12:52:33 **** Auto Build of configuration Debug for project vga2 ****
make all 
'Building file: ../src/testperiph.c'
'Invoking: MicroBlaze gcc compiler'
mb-gcc -Wall -O0 -g3 -c -fmessage-length=0 -MT"src/testperiph.o" -I../../vga2_bsp/microblaze_0/include -mlittle-endian -mcpu=v11.0 -mxl-soft-mul -Wl,--no-relax -ffunction-sections -fdata-sections -MMD -MP -MF"src/testperiph.d" -MT"src/testperiph.o" -o "src/testperiph.o" "../src/testperiph.c"
../src/testperiph.c: In function 'main':
../src/testperiph.c:76:17: warning: unused variable 'intc' [-Wunused-variable]
    static XIntc intc;
                 ^~~~
At top level:
../src/testperiph.c:76:17: warning: 'intc' defined but not used [-Wunused-variable]
'Finished building: ../src/testperiph.c'
' '
'Building file: ../src/xgpio_tapp_example.c'
'Invoking: MicroBlaze gcc compiler'
mb-gcc -Wall -O0 -g3 -c -fmessage-length=0 -MT"src/xgpio_tapp_example.o" -I../../vga2_bsp/microblaze_0/include -mlittle-endian -mcpu=v11.0 -mxl-soft-mul -Wl,--no-relax -ffunction-sections -fdata-sections -MMD -MP -MF"src/xgpio_tapp_example.d" -MT"src/xgpio_tapp_example.o" -o "src/xgpio_tapp_example.o" "../src/xgpio_tapp_example.c"
'Finished building: ../src/xgpio_tapp_example.c'
' '
'Building file: ../src/xintc_tapp_example.c'
'Invoking: MicroBlaze gcc compiler'
mb-gcc -Wall -O0 -g3 -c -fmessage-length=0 -MT"src/xintc_tapp_example.o" -I../../vga2_bsp/microblaze_0/include -mlittle-endian -mcpu=v11.0 -mxl-soft-mul -Wl,--no-relax -ffunction-sections -fdata-sections -MMD -MP -MF"src/xintc_tapp_example.d" -MT"src/xintc_tapp_example.o" -o "src/xintc_tapp_example.o" "../src/xintc_tapp_example.c"
'Finished building: ../src/xintc_tapp_example.c'
' '
'Building target: vga2.elf'
'Invoking: MicroBlaze gcc linker'
mb-gcc -Wl,-T -Wl,../src/lscript.ld -L../../vga2_bsp/microblaze_0/lib -mlittle-endian -mcpu=v11.0 -mxl-soft-mul -Wl,--no-relax -Wl,--gc-sections -o "vga2.elf"  ./src/testperiph.o ./src/xgpio_tapp_example.o ./src/xintc_tapp_example.o   -Wl,--start-group,-lxil,-lgcc,-lc,--end-group
'Finished building target: vga2.elf'
' '
'Invoking: MicroBlaze Print Size'
mb-size vga2.elf  |tee "vga2.elf.size"
   text	   data	    bss	    dec	    hex	filename
   5928	    364	   3132	   9424	   24d0	vga2.elf
'Finished building: vga2.elf.size'
' '
20:45:34 **** Incremental Build of configuration Debug for project vga2 ****
make all 
'Building file: ../src/testperiph.c'
'Invoking: MicroBlaze gcc compiler'
mb-gcc -Wall -O0 -g3 -c -fmessage-length=0 -MT"src/testperiph.o" -I../../vga2_bsp/microblaze_0/include -mlittle-endian -mcpu=v11.0 -mxl-soft-mul -Wl,--no-relax -ffunction-sections -fdata-sections -MMD -MP -MF"src/testperiph.d" -MT"src/testperiph.o" -o "src/testperiph.o" "../src/testperiph.c"
../src/testperiph.c:32:10: fatal error: xil_cache.h: No such file or directory
 #include "xil_cache.h"
          ^~~~~~~~~~~~~
compilation terminated.
make: *** [src/subdir.mk:29: src/testperiph.o] Error 1
20:46:08 **** Auto Build of project vga2_bsp ****
make -k all 
"Running Make include in microblaze_0/libsrc/bram_v4_2/src"
make -C microblaze_0/libsrc/bram_v4_2/src -s include  "SHELL=CMD" "COMPILER=mb-gcc" "ARCHIVER=mb-ar" "COMPILER_FLAGS=  -O2 -c -mcpu=v11.0 -mlittle-endian -mxl-soft-mul" "EXTRA_COMPILER_FLAGS=-ffunction-sections -fdata-sections -Wall -Wextra"
"Running Make include in microblaze_0/libsrc/cpu_v2_8/src"
make -C microblaze_0/libsrc/cpu_v2_8/src -s include  "SHELL=CMD" "COMPILER=mb-gcc" "ARCHIVER=mb-ar" "COMPILER_FLAGS=  -O2 -c -mcpu=v11.0 -mlittle-endian -mxl-soft-mul" "EXTRA_COMPILER_FLAGS=-ffunction-sections -fdata-sections -Wall -Wextra"
"Running Make include in microblaze_0/libsrc/framewriter_v1_0/src"
make -C microblaze_0/libsrc/framewriter_v1_0/src -s include  "SHELL=CMD" "COMPILER=mb-gcc" "ARCHIVER=mb-ar" "COMPILER_FLAGS=  -O2 -c -mcpu=v11.0 -mlittle-endian -mxl-soft-mul" "EXTRA_COMPILER_FLAGS=-ffunction-sections -fdata-sections -Wall -Wextra"
"Running Make include in microblaze_0/libsrc/gpio_v4_3/src"
make -C microblaze_0/libsrc/gpio_v4_3/src -s include  "SHELL=CMD" "COMPILER=mb-gcc" "ARCHIVER=mb-ar" "COMPILER_FLAGS=  -O2 -c -mcpu=v11.0 -mlittle-endian -mxl-soft-mul" "EXTRA_COMPILER_FLAGS=-ffunction-sections -fdata-sections -Wall -Wextra"
"Running Make include in microblaze_0/libsrc/intc_v3_8/src"
make -C microblaze_0/libsrc/intc_v3_8/src -s include  "SHELL=CMD" "COMPILER=mb-gcc" "ARCHIVER=mb-ar" "COMPILER_FLAGS=  -O2 -c -mcpu=v11.0 -mlittle-endian -mxl-soft-mul" "EXTRA_COMPILER_FLAGS=-ffunction-sections -fdata-sections -Wall -Wextra"
"Running Make include in microblaze_0/libsrc/standalone_v6_8/src"
make -C microblaze_0/libsrc/standalone_v6_8/src -s include  "SHELL=CMD" "COMPILER=mb-gcc" "ARCHIVER=mb-ar" "COMPILER_FLAGS=  -O2 -c -mcpu=v11.0 -mlittle-endian -mxl-soft-mul" "EXTRA_COMPILER_FLAGS=-ffunction-sections -fdata-sections -Wall -Wextra"
"Running Make libs in microblaze_0/libsrc/bram_v4_2/src"
make -C microblaze_0/libsrc/bram_v4_2/src -s libs  "SHELL=CMD" "COMPILER=mb-gcc" "ARCHIVER=mb-ar" "COMPILER_FLAGS=  -O2 -c -mcpu=v11.0 -mlittle-endian -mxl-soft-mul" "EXTRA_COMPILER_FLAGS=-ffunction-sections -fdata-sections -Wall -Wextra"
"Compiling bram"
mb-ar: creating ../../../lib/libxil.a
"Running Make libs in microblaze_0/libsrc/cpu_v2_8/src"
make -C microblaze_0/libsrc/cpu_v2_8/src -s libs  "SHELL=CMD" "COMPILER=mb-gcc" "ARCHIVER=mb-ar" "COMPILER_FLAGS=  -O2 -c -mcpu=v11.0 -mlittle-endian -mxl-soft-mul" "EXTRA_COMPILER_FLAGS=-ffunction-sections -fdata-sections -Wall -Wextra"
"Compiling cpu"
"Running Make libs in microblaze_0/libsrc/framewriter_v1_0/src"
make -C microblaze_0/libsrc/framewriter_v1_0/src -s libs  "SHELL=CMD" "COMPILER=mb-gcc" "ARCHIVER=mb-ar" "COMPILER_FLAGS=  -O2 -c -mcpu=v11.0 -mlittle-endian -mxl-soft-mul" "EXTRA_COMPILER_FLAGS=-ffunction-sections -fdata-sections -Wall -Wextra"
"Compiling framewriter..."
framewriter_selftest.c: In function 'FRAMEWRITER_Reg_SelfTest':
framewriter_selftest.c:52:60: warning: comparison between signed and unsigned integer expressions [-Wsign-compare]
    if ( FRAMEWRITER_mReadReg (baseaddr, read_loop_index*4) != (read_loop_index+1)*READ_WRITE_MUL_FACTOR){
                                                            ^~
framewriter_selftest.c:36:6: warning: unused variable 'Index' [-Wunused-variable]
  int Index;
      ^~~~~
"Running Make libs in microblaze_0/libsrc/gpio_v4_3/src"
make -C microblaze_0/libsrc/gpio_v4_3/src -s libs  "SHELL=CMD" "COMPILER=mb-gcc" "ARCHIVER=mb-ar" "COMPILER_FLAGS=  -O2 -c -mcpu=v11.0 -mlittle-endian -mxl-soft-mul" "EXTRA_COMPILER_FLAGS=-ffunction-sections -fdata-sections -Wall -Wextra"
"Compiling gpio"
"Running Make libs in microblaze_0/libsrc/intc_v3_8/src"
make -C microblaze_0/libsrc/intc_v3_8/src -s libs  "SHELL=CMD" "COMPILER=mb-gcc" "ARCHIVER=mb-ar" "COMPILER_FLAGS=  -O2 -c -mcpu=v11.0 -mlittle-endian -mxl-soft-mul" "EXTRA_COMPILER_FLAGS=-ffunction-sections -fdata-sections -Wall -Wextra"
"Compiling intc"
"Running Make libs in microblaze_0/libsrc/standalone_v6_8/src"
make -C microblaze_0/libsrc/standalone_v6_8/src -s libs  "SHELL=CMD" "COMPILER=mb-gcc" "ARCHIVER=mb-ar" "COMPILER_FLAGS=  -O2 -c -mcpu=v11.0 -mlittle-endian -mxl-soft-mul" "EXTRA_COMPILER_FLAGS=-ffunction-sections -fdata-sections -Wall -Wextra"
"Compiling standalone";
inbyte.c: In function 'inbyte':
inbyte.c:11:1: warning: control reaches end of non-void function [-Wreturn-type]
 }
 ^
outbyte.c: In function 'outbyte':
outbyte.c:11:19: warning: unused parameter 'c' [-Wunused-parameter]
 void outbyte(char c) {
                   ^
microblaze_sleep.c:77:9: note: #pragma message: For the sleep routines, assembly instructions are used
 #pragma message ("For the sleep routines, assembly instructions are used")
         ^~~~~~~
'Finished building libraries'
20:46:13 **** Auto Build of configuration Debug for project vga2 ****
make all 
'Building file: ../src/testperiph.c'
'Invoking: MicroBlaze gcc compiler'
mb-gcc -Wall -O0 -g3 -c -fmessage-length=0 -MT"src/testperiph.o" -I../../vga2_bsp/microblaze_0/include -mlittle-endian -mcpu=v11.0 -mxl-soft-mul -Wl,--no-relax -ffunction-sections -fdata-sections -MMD -MP -MF"src/testperiph.d" -MT"src/testperiph.o" -o "src/testperiph.o" "../src/testperiph.c"
../src/testperiph.c: In function 'main':
../src/testperiph.c:76:17: warning: unused variable 'intc' [-Wunused-variable]
    static XIntc intc;
                 ^~~~
At top level:
../src/testperiph.c:76:17: warning: 'intc' defined but not used [-Wunused-variable]
'Finished building: ../src/testperiph.c'
' '
'Building file: ../src/xgpio_tapp_example.c'
'Invoking: MicroBlaze gcc compiler'
mb-gcc -Wall -O0 -g3 -c -fmessage-length=0 -MT"src/xgpio_tapp_example.o" -I../../vga2_bsp/microblaze_0/include -mlittle-endian -mcpu=v11.0 -mxl-soft-mul -Wl,--no-relax -ffunction-sections -fdata-sections -MMD -MP -MF"src/xgpio_tapp_example.d" -MT"src/xgpio_tapp_example.o" -o "src/xgpio_tapp_example.o" "../src/xgpio_tapp_example.c"
'Finished building: ../src/xgpio_tapp_example.c'
' '
'Building file: ../src/xintc_tapp_example.c'
'Invoking: MicroBlaze gcc compiler'
mb-gcc -Wall -O0 -g3 -c -fmessage-length=0 -MT"src/xintc_tapp_example.o" -I../../vga2_bsp/microblaze_0/include -mlittle-endian -mcpu=v11.0 -mxl-soft-mul -Wl,--no-relax -ffunction-sections -fdata-sections -MMD -MP -MF"src/xintc_tapp_example.d" -MT"src/xintc_tapp_example.o" -o "src/xintc_tapp_example.o" "../src/xintc_tapp_example.c"
'Finished building: ../src/xintc_tapp_example.c'
' '
'Building target: vga2.elf'
'Invoking: MicroBlaze gcc linker'
mb-gcc -Wl,-T -Wl,../src/lscript.ld -L../../vga2_bsp/microblaze_0/lib -mlittle-endian -mcpu=v11.0 -mxl-soft-mul -Wl,--no-relax -Wl,--gc-sections -o "vga2.elf"  ./src/testperiph.o ./src/xgpio_tapp_example.o ./src/xintc_tapp_example.o   -Wl,--start-group,-lxil,-lgcc,-lc,--end-group
'Finished building target: vga2.elf'
' '
'Invoking: MicroBlaze Print Size'
mb-size vga2.elf  |tee "vga2.elf.size"
   text	   data	    bss	    dec	    hex	filename
   5928	    364	   3132	   9424	   24d0	vga2.elf
'Finished building: vga2.elf.size'
' '
20:46:22 **** Incremental Build of configuration Debug for project vga2 ****
make all 
'Building file: ../src/testperiph.c'
'Invoking: MicroBlaze gcc compiler'
mb-gcc -Wall -O0 -g3 -c -fmessage-length=0 -MT"src/testperiph.o" -I../../vga2_bsp/microblaze_0/include -mlittle-endian -mcpu=v11.0 -mxl-soft-mul -Wl,--no-relax -ffunction-sections -fdata-sections -MMD -MP -MF"src/testperiph.d" -MT"src/testperiph.o" -o "src/testperiph.o" "../src/testperiph.c"
../src/testperiph.c: In function 'main':
../src/testperiph.c:76:17: warning: unused variable 'intc' [-Wunused-variable]
    static XIntc intc;
                 ^~~~
At top level:
../src/testperiph.c:76:17: warning: 'intc' defined but not used [-Wunused-variable]
'Finished building: ../src/testperiph.c'
' '
'Building target: vga2.elf'
'Invoking: MicroBlaze gcc linker'
mb-gcc -Wl,-T -Wl,../src/lscript.ld -L../../vga2_bsp/microblaze_0/lib -mlittle-endian -mcpu=v11.0 -mxl-soft-mul -Wl,--no-relax -Wl,--gc-sections -o "vga2.elf"  ./src/testperiph.o ./src/xgpio_tapp_example.o ./src/xintc_tapp_example.o   -Wl,--start-group,-lxil,-lgcc,-lc,--end-group
'Finished building target: vga2.elf'
' '
'Invoking: MicroBlaze Print Size'
mb-size vga2.elf  |tee "vga2.elf.size"
   text	   data	    bss	    dec	    hex	filename
   5928	    364	   3132	   9424	   24d0	vga2.elf
'Finished building: vga2.elf.size'
' '
12:23:29 **** Build of project vga_coord_bsp ****
make -k all 
"Running Make include in microblaze_0/libsrc/bram_v4_2/src"
make -C microblaze_0/libsrc/bram_v4_2/src -s include  "SHELL=CMD" "COMPILER=mb-gcc" "ARCHIVER=mb-ar" "COMPILER_FLAGS=  -O2 -c -mcpu=v11.0 -mlittle-endian -mxl-soft-mul" "EXTRA_COMPILER_FLAGS=-ffunction-sections -fdata-sections -Wall -Wextra"
"Running Make include in microblaze_0/libsrc/cpu_v2_8/src"
make -C microblaze_0/libsrc/cpu_v2_8/src -s include  "SHELL=CMD" "COMPILER=mb-gcc" "ARCHIVER=mb-ar" "COMPILER_FLAGS=  -O2 -c -mcpu=v11.0 -mlittle-endian -mxl-soft-mul" "EXTRA_COMPILER_FLAGS=-ffunction-sections -fdata-sections -Wall -Wextra"
"Running Make include in microblaze_0/libsrc/framewriter_v1_0/src"
make -C microblaze_0/libsrc/framewriter_v1_0/src -s include  "SHELL=CMD" "COMPILER=mb-gcc" "ARCHIVER=mb-ar" "COMPILER_FLAGS=  -O2 -c -mcpu=v11.0 -mlittle-endian -mxl-soft-mul" "EXTRA_COMPILER_FLAGS=-ffunction-sections -fdata-sections -Wall -Wextra"
"Running Make include in microblaze_0/libsrc/gpio_v4_3/src"
make -C microblaze_0/libsrc/gpio_v4_3/src -s include  "SHELL=CMD" "COMPILER=mb-gcc" "ARCHIVER=mb-ar" "COMPILER_FLAGS=  -O2 -c -mcpu=v11.0 -mlittle-endian -mxl-soft-mul" "EXTRA_COMPILER_FLAGS=-ffunction-sections -fdata-sections -Wall -Wextra"
"Running Make include in microblaze_0/libsrc/intc_v3_8/src"
make -C microblaze_0/libsrc/intc_v3_8/src -s include  "SHELL=CMD" "COMPILER=mb-gcc" "ARCHIVER=mb-ar" "COMPILER_FLAGS=  -O2 -c -mcpu=v11.0 -mlittle-endian -mxl-soft-mul" "EXTRA_COMPILER_FLAGS=-ffunction-sections -fdata-sections -Wall -Wextra"
"Running Make include in microblaze_0/libsrc/standalone_v6_8/src"
make -C microblaze_0/libsrc/standalone_v6_8/src -s include  "SHELL=CMD" "COMPILER=mb-gcc" "ARCHIVER=mb-ar" "COMPILER_FLAGS=  -O2 -c -mcpu=v11.0 -mlittle-endian -mxl-soft-mul" "EXTRA_COMPILER_FLAGS=-ffunction-sections -fdata-sections -Wall -Wextra"
"Running Make libs in microblaze_0/libsrc/bram_v4_2/src"
make -C microblaze_0/libsrc/bram_v4_2/src -s libs  "SHELL=CMD" "COMPILER=mb-gcc" "ARCHIVER=mb-ar" "COMPILER_FLAGS=  -O2 -c -mcpu=v11.0 -mlittle-endian -mxl-soft-mul" "EXTRA_COMPILER_FLAGS=-ffunction-sections -fdata-sections -Wall -Wextra"
"Compiling bram"
mb-ar: creating ../../../lib/libxil.a
"Running Make libs in microblaze_0/libsrc/cpu_v2_8/src"
make -C microblaze_0/libsrc/cpu_v2_8/src -s libs  "SHELL=CMD" "COMPILER=mb-gcc" "ARCHIVER=mb-ar" "COMPILER_FLAGS=  -O2 -c -mcpu=v11.0 -mlittle-endian -mxl-soft-mul" "EXTRA_COMPILER_FLAGS=-ffunction-sections -fdata-sections -Wall -Wextra"
"Compiling cpu"
"Running Make libs in microblaze_0/libsrc/framewriter_v1_0/src"
make -C microblaze_0/libsrc/framewriter_v1_0/src -s libs  "SHELL=CMD" "COMPILER=mb-gcc" "ARCHIVER=mb-ar" "COMPILER_FLAGS=  -O2 -c -mcpu=v11.0 -mlittle-endian -mxl-soft-mul" "EXTRA_COMPILER_FLAGS=-ffunction-sections -fdata-sections -Wall -Wextra"
"Compiling framewriter..."
framewriter_selftest.c: In function 'FRAMEWRITER_Reg_SelfTest':
framewriter_selftest.c:52:60: warning: comparison between signed and unsigned integer expressions [-Wsign-compare]
    if ( FRAMEWRITER_mReadReg (baseaddr, read_loop_index*4) != (read_loop_index+1)*READ_WRITE_MUL_FACTOR){
                                                            ^~
framewriter_selftest.c:36:6: warning: unused variable 'Index' [-Wunused-variable]
  int Index;
      ^~~~~
"Running Make libs in microblaze_0/libsrc/gpio_v4_3/src"
make -C microblaze_0/libsrc/gpio_v4_3/src -s libs  "SHELL=CMD" "COMPILER=mb-gcc" "ARCHIVER=mb-ar" "COMPILER_FLAGS=  -O2 -c -mcpu=v11.0 -mlittle-endian -mxl-soft-mul" "EXTRA_COMPILER_FLAGS=-ffunction-sections -fdata-sections -Wall -Wextra"
"Compiling gpio"
"Running Make libs in microblaze_0/libsrc/intc_v3_8/src"
make -C microblaze_0/libsrc/intc_v3_8/src -s libs  "SHELL=CMD" "COMPILER=mb-gcc" "ARCHIVER=mb-ar" "COMPILER_FLAGS=  -O2 -c -mcpu=v11.0 -mlittle-endian -mxl-soft-mul" "EXTRA_COMPILER_FLAGS=-ffunction-sections -fdata-sections -Wall -Wextra"
"Compiling intc"
"Running Make libs in microblaze_0/libsrc/standalone_v6_8/src"
make -C microblaze_0/libsrc/standalone_v6_8/src -s libs  "SHELL=CMD" "COMPILER=mb-gcc" "ARCHIVER=mb-ar" "COMPILER_FLAGS=  -O2 -c -mcpu=v11.0 -mlittle-endian -mxl-soft-mul" "EXTRA_COMPILER_FLAGS=-ffunction-sections -fdata-sections -Wall -Wextra"
"Compiling standalone";
inbyte.c: In function 'inbyte':
inbyte.c:11:1: warning: control reaches end of non-void function [-Wreturn-type]
 }
 ^
outbyte.c: In function 'outbyte':
outbyte.c:11:19: warning: unused parameter 'c' [-Wunused-parameter]
 void outbyte(char c) {
                   ^
microblaze_sleep.c:77:9: note: #pragma message: For the sleep routines, assembly instructions are used
 #pragma message ("For the sleep routines, assembly instructions are used")
         ^~~~~~~
'Finished building libraries'

**** Build of configuration Debug for project vga_coord ****

Nothing to build for project vga_coord
12:23:53 **** Auto Build of configuration Debug for project vga_coord ****
make all 
'Building file: ../src/main.c'
'Invoking: MicroBlaze gcc compiler'
mb-gcc -Wall -O0 -g3 -c -fmessage-length=0 -MT"src/main.o" -I../../vga_coord_bsp/microblaze_0/include -mlittle-endian -mcpu=v11.0 -mxl-soft-mul -Wl,--no-relax -ffunction-sections -fdata-sections -MMD -MP -MF"src/main.d" -MT"src/main.o" -o "src/main.o" "../src/main.c"
'Finished building: ../src/main.c'
' '
'Building target: vga_coord.elf'
'Invoking: MicroBlaze gcc linker'
mb-gcc -Wl,-T -Wl,../src/lscript.ld -L../../vga_coord_bsp/microblaze_0/lib -mlittle-endian -mcpu=v11.0 -mxl-soft-mul -Wl,--no-relax -Wl,--gc-sections -o "vga_coord.elf"  ./src/main.o   -Wl,--start-group,-lxil,-lgcc,-lc,--end-group
c:/xilinx/sdk/2018.3/gnu/microblaze/nt/bin/../lib/gcc/microblaze-xilinx-elf/7.3.1/../../../../microblaze-xilinx-elf/lib/le/crtinit.o: In function `_crtinit':
(.text+0x78): undefined reference to `main'
collect2.exe: error: ld returned 1 exit status
make: *** [makefile:38: vga_coord.elf] Error 1
12:24:36 **** Auto Build of configuration Debug for project vga_coord ****
make all 
'Building file: ../src/main.c'
'Invoking: MicroBlaze gcc compiler'
mb-gcc -Wall -O0 -g3 -c -fmessage-length=0 -MT"src/main.o" -I../../vga_coord_bsp/microblaze_0/include -mlittle-endian -mcpu=v11.0 -mxl-soft-mul -Wl,--no-relax -ffunction-sections -fdata-sections -MMD -MP -MF"src/main.d" -MT"src/main.o" -o "src/main.o" "../src/main.c"
'Finished building: ../src/main.c'
' '
'Building target: vga_coord.elf'
'Invoking: MicroBlaze gcc linker'
mb-gcc -Wl,-T -Wl,../src/lscript.ld -L../../vga_coord_bsp/microblaze_0/lib -mlittle-endian -mcpu=v11.0 -mxl-soft-mul -Wl,--no-relax -Wl,--gc-sections -o "vga_coord.elf"  ./src/main.o   -Wl,--start-group,-lxil,-lgcc,-lc,--end-group
c:/xilinx/sdk/2018.3/gnu/microblaze/nt/bin/../lib/gcc/microblaze-xilinx-elf/7.3.1/../../../../microblaze-xilinx-elf/lib/le/crtinit.o: In function `_crtinit':
(.text+0x78): undefined reference to `main'
collect2.exe: error: ld returned 1 exit status
make: *** [makefile:38: vga_coord.elf] Error 1
12:25:18 **** Auto Build of configuration Debug for project vga_coord ****
make all 
'Building file: ../src/main.c'
'Invoking: MicroBlaze gcc compiler'
mb-gcc -Wall -O0 -g3 -c -fmessage-length=0 -MT"src/main.o" -I../../vga_coord_bsp/microblaze_0/include -mlittle-endian -mcpu=v11.0 -mxl-soft-mul -Wl,--no-relax -ffunction-sections -fdata-sections -MMD -MP -MF"src/main.d" -MT"src/main.o" -o "src/main.o" "../src/main.c"
../src/main.c: In function 'main':
../src/main.c:54:17: warning: unused variable 'intc' [-Wunused-variable]
    static XIntc intc;
                 ^~~~
At top level:
../src/main.c:54:17: warning: 'intc' defined but not used [-Wunused-variable]
'Finished building: ../src/main.c'
' '
'Building target: vga_coord.elf'
'Invoking: MicroBlaze gcc linker'
mb-gcc -Wl,-T -Wl,../src/lscript.ld -L../../vga_coord_bsp/microblaze_0/lib -mlittle-endian -mcpu=v11.0 -mxl-soft-mul -Wl,--no-relax -Wl,--gc-sections -o "vga_coord.elf"  ./src/main.o   -Wl,--start-group,-lxil,-lgcc,-lc,--end-group
'Finished building target: vga_coord.elf'
' '
'Invoking: MicroBlaze Print Size'
mb-size vga_coord.elf  |tee "vga_coord.elf.size"
   text	   data	    bss	    dec	    hex	filename
   5928	    364	   3132	   9424	   24d0	vga_coord.elf
'Finished building: vga_coord.elf.size'
' '
12:26:29 **** Auto Build of configuration Debug for project vga_coord ****
make all 
'Building file: ../src/main.c'
'Invoking: MicroBlaze gcc compiler'
mb-gcc -Wall -O0 -g3 -c -fmessage-length=0 -MT"src/main.o" -I../../vga_coord_bsp/microblaze_0/include -mlittle-endian -mcpu=v11.0 -mxl-soft-mul -Wl,--no-relax -ffunction-sections -fdata-sections -MMD -MP -MF"src/main.d" -MT"src/main.o" -o "src/main.o" "../src/main.c"
../src/main.c: In function 'main':
../src/main.c:54:17: warning: unused variable 'intc' [-Wunused-variable]
    static XIntc intc;
                 ^~~~
At top level:
../src/main.c:54:17: warning: 'intc' defined but not used [-Wunused-variable]
'Finished building: ../src/main.c'
' '
'Building target: vga_coord.elf'
'Invoking: MicroBlaze gcc linker'
mb-gcc -Wl,-T -Wl,../src/lscript.ld -L../../vga_coord_bsp/microblaze_0/lib -mlittle-endian -mcpu=v11.0 -mxl-soft-mul -Wl,--no-relax -Wl,--gc-sections -o "vga_coord.elf"  ./src/main.o   -Wl,--start-group,-lxil,-lgcc,-lc,--end-group
'Finished building target: vga_coord.elf'
' '
'Invoking: MicroBlaze Print Size'
mb-size vga_coord.elf  |tee "vga_coord.elf.size"
   text	   data	    bss	    dec	    hex	filename
   5928	    364	   3132	   9424	   24d0	vga_coord.elf
'Finished building: vga_coord.elf.size'
' '
12:27:40 **** Auto Build of configuration Debug for project vga_coord ****
make all 
'Building file: ../src/main.c'
'Invoking: MicroBlaze gcc compiler'
mb-gcc -Wall -O0 -g3 -c -fmessage-length=0 -MT"src/main.o" -I../../vga_coord_bsp/microblaze_0/include -mlittle-endian -mcpu=v11.0 -mxl-soft-mul -Wl,--no-relax -ffunction-sections -fdata-sections -MMD -MP -MF"src/main.d" -MT"src/main.o" -o "src/main.o" "../src/main.c"
'Finished building: ../src/main.c'
' '
'Building target: vga_coord.elf'
'Invoking: MicroBlaze gcc linker'
mb-gcc -Wl,-T -Wl,../src/lscript.ld -L../../vga_coord_bsp/microblaze_0/lib -mlittle-endian -mcpu=v11.0 -mxl-soft-mul -Wl,--no-relax -Wl,--gc-sections -o "vga_coord.elf"  ./src/main.o   -Wl,--start-group,-lxil,-lgcc,-lc,--end-group
'Finished building target: vga_coord.elf'
' '
'Invoking: MicroBlaze Print Size'
mb-size vga_coord.elf  |tee "vga_coord.elf.size"
   text	   data	    bss	    dec	    hex	filename
   5844	    364	   3136	   9344	   2480	vga_coord.elf
'Finished building: vga_coord.elf.size'
' '
12:27:44 **** Auto Build of configuration Debug for project vga_coord ****
make all 
'Building file: ../src/main.c'
'Invoking: MicroBlaze gcc compiler'
mb-gcc -Wall -O0 -g3 -c -fmessage-length=0 -MT"src/main.o" -I../../vga_coord_bsp/microblaze_0/include -mlittle-endian -mcpu=v11.0 -mxl-soft-mul -Wl,--no-relax -ffunction-sections -fdata-sections -MMD -MP -MF"src/main.d" -MT"src/main.o" -o "src/main.o" "../src/main.c"
'Finished building: ../src/main.c'
' '
'Building target: vga_coord.elf'
'Invoking: MicroBlaze gcc linker'
mb-gcc -Wl,-T -Wl,../src/lscript.ld -L../../vga_coord_bsp/microblaze_0/lib -mlittle-endian -mcpu=v11.0 -mxl-soft-mul -Wl,--no-relax -Wl,--gc-sections -o "vga_coord.elf"  ./src/main.o   -Wl,--start-group,-lxil,-lgcc,-lc,--end-group
'Finished building target: vga_coord.elf'
' '
'Invoking: MicroBlaze Print Size'
mb-size vga_coord.elf  |tee "vga_coord.elf.size"
   text	   data	    bss	    dec	    hex	filename
   5864	    364	   3132	   9360	   2490	vga_coord.elf
'Finished building: vga_coord.elf.size'
' '
12:29:03 **** Auto Build of configuration Debug for project vga_coord ****
make all 
'Building file: ../src/main.c'
'Invoking: MicroBlaze gcc compiler'
mb-gcc -Wall -O0 -g3 -c -fmessage-length=0 -MT"src/main.o" -I../../vga_coord_bsp/microblaze_0/include -mlittle-endian -mcpu=v11.0 -mxl-soft-mul -Wl,--no-relax -ffunction-sections -fdata-sections -MMD -MP -MF"src/main.d" -MT"src/main.o" -o "src/main.o" "../src/main.c"
../src/main.c:44:10: error: conflicting types for 'coords'
 uint32_t coords[3][2] = { {10,10}, {160,120}, {300,150}};
          ^~~~~~
../src/main.c:39:10: note: previous definition of 'coords' was here
 uint32_t coords[10][2] = {
          ^~~~~~
make: *** [src/subdir.mk:23: src/main.o] Error 1
12:29:43 **** Auto Build of configuration Debug for project vga_coord ****
make all 
'Building file: ../src/main.c'
'Invoking: MicroBlaze gcc compiler'
mb-gcc -Wall -O0 -g3 -c -fmessage-length=0 -MT"src/main.o" -I../../vga_coord_bsp/microblaze_0/include -mlittle-endian -mcpu=v11.0 -mxl-soft-mul -Wl,--no-relax -ffunction-sections -fdata-sections -MMD -MP -MF"src/main.d" -MT"src/main.o" -o "src/main.o" "../src/main.c"
../src/main.c:44:1: warning: braces around scalar initializer
 uint32_t coords[3][2] = { {{160,25}, {160,120}, {160, 185}};
 ^~~~~~~~
../src/main.c:44:1: note: (near initialization for 'coords[0][0]')
../src/main.c:44:33: warning: excess elements in scalar initializer
 uint32_t coords[3][2] = { {{160,25}, {160,120}, {160, 185}};
                                 ^~
../src/main.c:44:33: note: (near initialization for 'coords[0][0]')
../src/main.c:44:1: warning: braces around scalar initializer
 uint32_t coords[3][2] = { {{160,25}, {160,120}, {160, 185}};
 ^~~~~~~~
../src/main.c:44:1: note: (near initialization for 'coords[0][1]')
../src/main.c:44:43: warning: excess elements in scalar initializer
 uint32_t coords[3][2] = { {{160,25}, {160,120}, {160, 185}};
                                           ^~~
../src/main.c:44:43: note: (near initialization for 'coords[0][1]')
../src/main.c:44:1: warning: braces around scalar initializer
 uint32_t coords[3][2] = { {{160,25}, {160,120}, {160, 185}};
 ^~~~~~~~
../src/main.c:44:1: note: (near initialization for 'coords[0][2]')
../src/main.c:44:55: warning: excess elements in scalar initializer
 uint32_t coords[3][2] = { {{160,25}, {160,120}, {160, 185}};
                                                       ^~~
../src/main.c:44:55: note: (near initialization for 'coords[0][2]')
../src/main.c:44:49: warning: excess elements in array initializer
 uint32_t coords[3][2] = { {{160,25}, {160,120}, {160, 185}};
                                                 ^
../src/main.c:44:49: note: (near initialization for 'coords[0]')
../src/main.c:44:60: error: expected '}' before ';' token
 uint32_t coords[3][2] = { {{160,25}, {160,120}, {160, 185}};
                                                            ^
make: *** [src/subdir.mk:23: src/main.o] Error 1
12:29:45 **** Auto Build of configuration Debug for project vga_coord ****
make all 
'Building file: ../src/main.c'
'Invoking: MicroBlaze gcc compiler'
mb-gcc -Wall -O0 -g3 -c -fmessage-length=0 -MT"src/main.o" -I../../vga_coord_bsp/microblaze_0/include -mlittle-endian -mcpu=v11.0 -mxl-soft-mul -Wl,--no-relax -ffunction-sections -fdata-sections -MMD -MP -MF"src/main.d" -MT"src/main.o" -o "src/main.o" "../src/main.c"
../src/main.c:44:1: warning: braces around scalar initializer
 uint32_t coords[3][2] = { {{160,25}, {160,120}, {160,185}};
 ^~~~~~~~
../src/main.c:44:1: note: (near initialization for 'coords[0][0]')
../src/main.c:44:33: warning: excess elements in scalar initializer
 uint32_t coords[3][2] = { {{160,25}, {160,120}, {160,185}};
                                 ^~
../src/main.c:44:33: note: (near initialization for 'coords[0][0]')
../src/main.c:44:1: warning: braces around scalar initializer
 uint32_t coords[3][2] = { {{160,25}, {160,120}, {160,185}};
 ^~~~~~~~
../src/main.c:44:1: note: (near initialization for 'coords[0][1]')
../src/main.c:44:43: warning: excess elements in scalar initializer
 uint32_t coords[3][2] = { {{160,25}, {160,120}, {160,185}};
                                           ^~~
../src/main.c:44:43: note: (near initialization for 'coords[0][1]')
../src/main.c:44:1: warning: braces around scalar initializer
 uint32_t coords[3][2] = { {{160,25}, {160,120}, {160,185}};
 ^~~~~~~~
../src/main.c:44:1: note: (near initialization for 'coords[0][2]')
../src/main.c:44:54: warning: excess elements in scalar initializer
 uint32_t coords[3][2] = { {{160,25}, {160,120}, {160,185}};
                                                      ^~~
../src/main.c:44:54: note: (near initialization for 'coords[0][2]')
../src/main.c:44:49: warning: excess elements in array initializer
 uint32_t coords[3][2] = { {{160,25}, {160,120}, {160,185}};
                                                 ^
../src/main.c:44:49: note: (near initialization for 'coords[0]')
../src/main.c:44:59: error: expected '}' before ';' token
 uint32_t coords[3][2] = { {{160,25}, {160,120}, {160,185}};
                                                           ^
make: *** [src/subdir.mk:23: src/main.o] Error 1
12:29:53 **** Auto Build of configuration Debug for project vga_coord ****
make all 
'Building file: ../src/main.c'
'Invoking: MicroBlaze gcc compiler'
mb-gcc -Wall -O0 -g3 -c -fmessage-length=0 -MT"src/main.o" -I../../vga_coord_bsp/microblaze_0/include -mlittle-endian -mcpu=v11.0 -mxl-soft-mul -Wl,--no-relax -ffunction-sections -fdata-sections -MMD -MP -MF"src/main.d" -MT"src/main.o" -o "src/main.o" "../src/main.c"
'Finished building: ../src/main.c'
' '
'Building target: vga_coord.elf'
'Invoking: MicroBlaze gcc linker'
mb-gcc -Wl,-T -Wl,../src/lscript.ld -L../../vga_coord_bsp/microblaze_0/lib -mlittle-endian -mcpu=v11.0 -mxl-soft-mul -Wl,--no-relax -Wl,--gc-sections -o "vga_coord.elf"  ./src/main.o   -Wl,--start-group,-lxil,-lgcc,-lc,--end-group
'Finished building target: vga_coord.elf'
' '
'Invoking: MicroBlaze Print Size'
mb-size vga_coord.elf  |tee "vga_coord.elf.size"
   text	   data	    bss	    dec	    hex	filename
   5864	    364	   3132	   9360	   2490	vga_coord.elf
'Finished building: vga_coord.elf.size'
' '
12:33:05 **** Auto Build of configuration Debug for project vga_coord ****
make all 
'Building file: ../src/main.c'
'Invoking: MicroBlaze gcc compiler'
mb-gcc -Wall -O0 -g3 -c -fmessage-length=0 -MT"src/main.o" -I../../vga_coord_bsp/microblaze_0/include -mlittle-endian -mcpu=v11.0 -mxl-soft-mul -Wl,--no-relax -ffunction-sections -fdata-sections -MMD -MP -MF"src/main.d" -MT"src/main.o" -o "src/main.o" "../src/main.c"
'Finished building: ../src/main.c'
' '
'Building target: vga_coord.elf'
'Invoking: MicroBlaze gcc linker'
mb-gcc -Wl,-T -Wl,../src/lscript.ld -L../../vga_coord_bsp/microblaze_0/lib -mlittle-endian -mcpu=v11.0 -mxl-soft-mul -Wl,--no-relax -Wl,--gc-sections -o "vga_coord.elf"  ./src/main.o   -Wl,--start-group,-lxil,-lgcc,-lc,--end-group
'Finished building target: vga_coord.elf'
' '
'Invoking: MicroBlaze Print Size'
mb-size vga_coord.elf  |tee "vga_coord.elf.size"
   text	   data	    bss	    dec	    hex	filename
   5864	    364	   3132	   9360	   2490	vga_coord.elf
'Finished building: vga_coord.elf.size'
' '
12:35:06 **** Auto Build of configuration Debug for project vga_coord ****
make all 
'Building file: ../src/main.c'
'Invoking: MicroBlaze gcc compiler'
mb-gcc -Wall -O0 -g3 -c -fmessage-length=0 -MT"src/main.o" -I../../vga_coord_bsp/microblaze_0/include -mlittle-endian -mcpu=v11.0 -mxl-soft-mul -Wl,--no-relax -ffunction-sections -fdata-sections -MMD -MP -MF"src/main.d" -MT"src/main.o" -o "src/main.o" "../src/main.c"
'Finished building: ../src/main.c'
' '
'Building target: vga_coord.elf'
'Invoking: MicroBlaze gcc linker'
mb-gcc -Wl,-T -Wl,../src/lscript.ld -L../../vga_coord_bsp/microblaze_0/lib -mlittle-endian -mcpu=v11.0 -mxl-soft-mul -Wl,--no-relax -Wl,--gc-sections -o "vga_coord.elf"  ./src/main.o   -Wl,--start-group,-lxil,-lgcc,-lc,--end-group
c:/xilinx/sdk/2018.3/gnu/microblaze/nt/bin/../lib/gcc/microblaze-xilinx-elf/7.3.1/../../../../microblaze-xilinx-elf/bin/ld.exe: vga_coord.elf section `.text' will not fit in region `microblaze_0_local_memory_ilmb_bram_if_cntlr_Mem_microblaze_0_local_memory_dlmb_bram_if_cntlr_Mem'
c:/xilinx/sdk/2018.3/gnu/microblaze/nt/bin/../lib/gcc/microblaze-xilinx-elf/7.3.1/../../../../microblaze-xilinx-elf/bin/ld.exe: region `microblaze_0_local_memory_ilmb_bram_if_cntlr_Mem_microblaze_0_local_memory_dlmb_bram_if_cntlr_Mem' overflowed by 5760 bytes
collect2.exe: error: ld returned 1 exit status
make: *** [makefile:38: vga_coord.elf] Error 1
12:35:31 **** Auto Build of configuration Debug for project vga_coord ****
make all 
'Building file: ../src/main.c'
'Invoking: MicroBlaze gcc compiler'
mb-gcc -Wall -O0 -g3 -c -fmessage-length=0 -MT"src/main.o" -I../../vga_coord_bsp/microblaze_0/include -mlittle-endian -mcpu=v11.0 -mxl-soft-mul -Wl,--no-relax -ffunction-sections -fdata-sections -MMD -MP -MF"src/main.d" -MT"src/main.o" -o "src/main.o" "../src/main.c"
'Finished building: ../src/main.c'
' '
'Building target: vga_coord.elf'
'Invoking: MicroBlaze gcc linker'
mb-gcc -Wl,-T -Wl,../src/lscript.ld -L../../vga_coord_bsp/microblaze_0/lib -mlittle-endian -mcpu=v11.0 -mxl-soft-mul -Wl,--no-relax -Wl,--gc-sections -o "vga_coord.elf"  ./src/main.o   -Wl,--start-group,-lxil,-lgcc,-lc,--end-group
c:/xilinx/sdk/2018.3/gnu/microblaze/nt/bin/../lib/gcc/microblaze-xilinx-elf/7.3.1/../../../../microblaze-xilinx-elf/bin/ld.exe: vga_coord.elf section `.text' will not fit in region `microblaze_0_local_memory_ilmb_bram_if_cntlr_Mem_microblaze_0_local_memory_dlmb_bram_if_cntlr_Mem'
c:/xilinx/sdk/2018.3/gnu/microblaze/nt/bin/../lib/gcc/microblaze-xilinx-elf/7.3.1/../../../../microblaze-xilinx-elf/bin/ld.exe: region `microblaze_0_local_memory_ilmb_bram_if_cntlr_Mem_microblaze_0_local_memory_dlmb_bram_if_cntlr_Mem' overflowed by 5760 bytes
collect2.exe: error: ld returned 1 exit status
make: *** [makefile:38: vga_coord.elf] Error 1
12:37:46 **** Auto Build of configuration Debug for project vga_coord ****
make all 
'Building file: ../src/main.c'
'Invoking: MicroBlaze gcc compiler'
mb-gcc -Wall -O0 -g3 -c -fmessage-length=0 -MT"src/main.o" -I../../vga_coord_bsp/microblaze_0/include -mlittle-endian -mcpu=v11.0 -mxl-soft-mul -Wl,--no-relax -ffunction-sections -fdata-sections -MMD -MP -MF"src/main.d" -MT"src/main.o" -o "src/main.o" "../src/main.c"
../src/main.c: In function 'main':
../src/main.c:132:22: error: 'PI' undeclared (first use in this function)
      if (angle > 2 * PI) angle = 0;
                      ^~
../src/main.c:132:22: note: each undeclared identifier is reported only once for each function it appears in
make: *** [src/subdir.mk:23: src/main.o] Error 1
12:38:34 **** Auto Build of configuration Debug for project vga_coord ****
make all 
'Building file: ../src/main.c'
'Invoking: MicroBlaze gcc compiler'
mb-gcc -Wall -O0 -g3 -c -fmessage-length=0 -MT"src/main.o" -I../../vga_coord_bsp/microblaze_0/include -mlittle-endian -mcpu=v11.0 -mxl-soft-mul -Wl,--no-relax -ffunction-sections -fdata-sections -MMD -MP -MF"src/main.d" -MT"src/main.o" -o "src/main.o" "../src/main.c"
'Finished building: ../src/main.c'
' '
'Building target: vga_coord.elf'
'Invoking: MicroBlaze gcc linker'
mb-gcc -Wl,-T -Wl,../src/lscript.ld -L../../vga_coord_bsp/microblaze_0/lib -mlittle-endian -mcpu=v11.0 -mxl-soft-mul -Wl,--no-relax -Wl,--gc-sections -o "vga_coord.elf"  ./src/main.o   -Wl,--start-group,-lxil,-lgcc,-lc,--end-group
'Finished building target: vga_coord.elf'
' '
'Invoking: MicroBlaze Print Size'
mb-size vga_coord.elf  |tee "vga_coord.elf.size"
   text	   data	    bss	    dec	    hex	filename
   6632	    364	   3132	  10128	   2790	vga_coord.elf
'Finished building: vga_coord.elf.size'
' '
12:38:36 **** Auto Build of configuration Debug for project vga_coord ****
make all 
'Building file: ../src/main.c'
'Invoking: MicroBlaze gcc compiler'
mb-gcc -Wall -O0 -g3 -c -fmessage-length=0 -MT"src/main.o" -I../../vga_coord_bsp/microblaze_0/include -mlittle-endian -mcpu=v11.0 -mxl-soft-mul -Wl,--no-relax -ffunction-sections -fdata-sections -MMD -MP -MF"src/main.d" -MT"src/main.o" -o "src/main.o" "../src/main.c"
'Finished building: ../src/main.c'
' '
'Building target: vga_coord.elf'
'Invoking: MicroBlaze gcc linker'
mb-gcc -Wl,-T -Wl,../src/lscript.ld -L../../vga_coord_bsp/microblaze_0/lib -mlittle-endian -mcpu=v11.0 -mxl-soft-mul -Wl,--no-relax -Wl,--gc-sections -o "vga_coord.elf"  ./src/main.o   -Wl,--start-group,-lxil,-lgcc,-lc,--end-group
'Finished building target: vga_coord.elf'
' '
'Invoking: MicroBlaze Print Size'
mb-size vga_coord.elf  |tee "vga_coord.elf.size"
   text	   data	    bss	    dec	    hex	filename
   6632	    364	   3132	  10128	   2790	vga_coord.elf
'Finished building: vga_coord.elf.size'
' '
12:40:17 **** Auto Build of configuration Debug for project vga_coord ****
make all 
'Building file: ../src/main.c'
'Invoking: MicroBlaze gcc compiler'
mb-gcc -Wall -O0 -g3 -c -fmessage-length=0 -MT"src/main.o" -I../../vga_coord_bsp/microblaze_0/include -mlittle-endian -mcpu=v11.0 -mxl-soft-mul -Wl,--no-relax -ffunction-sections -fdata-sections -MMD -MP -MF"src/main.d" -MT"src/main.o" -o "src/main.o" "../src/main.c"
'Finished building: ../src/main.c'
' '
'Building target: vga_coord.elf'
'Invoking: MicroBlaze gcc linker'
mb-gcc -Wl,-T -Wl,../src/lscript.ld -L../../vga_coord_bsp/microblaze_0/lib -mlittle-endian -mcpu=v11.0 -mxl-soft-mul -Wl,--no-relax -Wl,--gc-sections -o "vga_coord.elf"  ./src/main.o   -Wl,--start-group,-lxil,-lgcc,-lc,--end-group
'Finished building target: vga_coord.elf'
' '
'Invoking: MicroBlaze Print Size'
mb-size vga_coord.elf  |tee "vga_coord.elf.size"
   text	   data	    bss	    dec	    hex	filename
   6804	    364	   3136	  10304	   2840	vga_coord.elf
'Finished building: vga_coord.elf.size'
' '
12:50:05 **** Auto Build of configuration Debug for project vga_coord ****
make all 
'Building file: ../src/main.c'
'Invoking: MicroBlaze gcc compiler'
mb-gcc -Wall -O0 -g3 -c -fmessage-length=0 -MT"src/main.o" -I../../vga_coord_bsp/microblaze_0/include -mlittle-endian -mcpu=v11.0 -mxl-soft-mul -Wl,--no-relax -ffunction-sections -fdata-sections -MMD -MP -MF"src/main.d" -MT"src/main.o" -o "src/main.o" "../src/main.c"
../src/main.c: In function 'main':
../src/main.c:96:9: warning: unused variable 'is_circling' [-Wunused-variable]
     int is_circling = 0;
         ^~~~~~~~~~~
'Finished building: ../src/main.c'
' '
'Building target: vga_coord.elf'
'Invoking: MicroBlaze gcc linker'
mb-gcc -Wl,-T -Wl,../src/lscript.ld -L../../vga_coord_bsp/microblaze_0/lib -mlittle-endian -mcpu=v11.0 -mxl-soft-mul -Wl,--no-relax -Wl,--gc-sections -o "vga_coord.elf"  ./src/main.o   -Wl,--start-group,-lxil,-lgcc,-lc,--end-group
'Finished building target: vga_coord.elf'
' '
'Invoking: MicroBlaze Print Size'
mb-size vga_coord.elf  |tee "vga_coord.elf.size"
   text	   data	    bss	    dec	    hex	filename
   6404	    340	   3128	   9872	   2690	vga_coord.elf
'Finished building: vga_coord.elf.size'
' '
12:50:56 **** Auto Build of configuration Debug for project vga_coord ****
make all 
'Building file: ../src/main.c'
'Invoking: MicroBlaze gcc compiler'
mb-gcc -Wall -O0 -g3 -c -fmessage-length=0 -MT"src/main.o" -I../../vga_coord_bsp/microblaze_0/include -mlittle-endian -mcpu=v11.0 -mxl-soft-mul -Wl,--no-relax -ffunction-sections -fdata-sections -MMD -MP -MF"src/main.d" -MT"src/main.o" -o "src/main.o" "../src/main.c"
../src/main.c: In function 'main':
../src/main.c:96:9: warning: unused variable 'is_circling' [-Wunused-variable]
     int is_circling = 0;
         ^~~~~~~~~~~
'Finished building: ../src/main.c'
' '
'Building target: vga_coord.elf'
'Invoking: MicroBlaze gcc linker'
mb-gcc -Wl,-T -Wl,../src/lscript.ld -L../../vga_coord_bsp/microblaze_0/lib -mlittle-endian -mcpu=v11.0 -mxl-soft-mul -Wl,--no-relax -Wl,--gc-sections -o "vga_coord.elf"  ./src/main.o   -Wl,--start-group,-lxil,-lgcc,-lc,--end-group
'Finished building target: vga_coord.elf'
' '
'Invoking: MicroBlaze Print Size'
mb-size vga_coord.elf  |tee "vga_coord.elf.size"
   text	   data	    bss	    dec	    hex	filename
   6404	    340	   3128	   9872	   2690	vga_coord.elf
'Finished building: vga_coord.elf.size'
' '
12:51:33 **** Incremental Build of configuration Debug for project vga_coord ****
make all 
make: Nothing to be done for 'all'.
13:20:22 **** Auto Build of project vga2_bsp ****
make -k all 
"Running Make include in microblaze_0/libsrc/bram_v4_2/src"
make -C microblaze_0/libsrc/bram_v4_2/src -s include  "SHELL=CMD" "COMPILER=mb-gcc" "ARCHIVER=mb-ar" "COMPILER_FLAGS=  -O2 -c -mcpu=v11.0 -mlittle-endian -mxl-soft-mul" "EXTRA_COMPILER_FLAGS=-ffunction-sections -fdata-sections -Wall -Wextra"
"Running Make include in microblaze_0/libsrc/cpu_v2_8/src"
make -C microblaze_0/libsrc/cpu_v2_8/src -s include  "SHELL=CMD" "COMPILER=mb-gcc" "ARCHIVER=mb-ar" "COMPILER_FLAGS=  -O2 -c -mcpu=v11.0 -mlittle-endian -mxl-soft-mul" "EXTRA_COMPILER_FLAGS=-ffunction-sections -fdata-sections -Wall -Wextra"
"Running Make include in microblaze_0/libsrc/framewriter_v1_0/src"
make -C microblaze_0/libsrc/framewriter_v1_0/src -s include  "SHELL=CMD" "COMPILER=mb-gcc" "ARCHIVER=mb-ar" "COMPILER_FLAGS=  -O2 -c -mcpu=v11.0 -mlittle-endian -mxl-soft-mul" "EXTRA_COMPILER_FLAGS=-ffunction-sections -fdata-sections -Wall -Wextra"
"Running Make include in microblaze_0/libsrc/gpio_v4_3/src"
make -C microblaze_0/libsrc/gpio_v4_3/src -s include  "SHELL=CMD" "COMPILER=mb-gcc" "ARCHIVER=mb-ar" "COMPILER_FLAGS=  -O2 -c -mcpu=v11.0 -mlittle-endian -mxl-soft-mul" "EXTRA_COMPILER_FLAGS=-ffunction-sections -fdata-sections -Wall -Wextra"
"Running Make include in microblaze_0/libsrc/intc_v3_8/src"
make -C microblaze_0/libsrc/intc_v3_8/src -s include  "SHELL=CMD" "COMPILER=mb-gcc" "ARCHIVER=mb-ar" "COMPILER_FLAGS=  -O2 -c -mcpu=v11.0 -mlittle-endian -mxl-soft-mul" "EXTRA_COMPILER_FLAGS=-ffunction-sections -fdata-sections -Wall -Wextra"
"Running Make include in microblaze_0/libsrc/standalone_v6_8/src"
make -C microblaze_0/libsrc/standalone_v6_8/src -s include  "SHELL=CMD" "COMPILER=mb-gcc" "ARCHIVER=mb-ar" "COMPILER_FLAGS=  -O2 -c -mcpu=v11.0 -mlittle-endian -mxl-soft-mul" "EXTRA_COMPILER_FLAGS=-ffunction-sections -fdata-sections -Wall -Wextra"
"Running Make libs in microblaze_0/libsrc/bram_v4_2/src"
make -C microblaze_0/libsrc/bram_v4_2/src -s libs  "SHELL=CMD" "COMPILER=mb-gcc" "ARCHIVER=mb-ar" "COMPILER_FLAGS=  -O2 -c -mcpu=v11.0 -mlittle-endian -mxl-soft-mul" "EXTRA_COMPILER_FLAGS=-ffunction-sections -fdata-sections -Wall -Wextra"
"Compiling bram"
In file included from ../../../include/xil_printf.h:12:0,
                 from ../../../include/xil_io.h:61,
                 from xbram_hw.h:59,
                 from xbram.h:135,
                 from xbram.c:58:
../../../include/xparameters.h:1:0: error: unterminated #ifndef
 #ifndef XPARAMETERS_H   /* prevent circular inclusions */
 
In file included from ../../../include/xil_io.h:61:0,
                 from xbram_hw.h:59,
                 from xbram.h:135,
                 from xbram.c:58:
../../../include/xil_printf.h:13:10: fatal error: bspconfig.h: No such file or directory
 #include "bspconfig.h"
          ^~~~~~~~~~~~~
compilation terminated.
In file included from ../../../include/xil_printf.h:12:0,
                 from ../../../include/xil_io.h:61,
                 from xbram_hw.h:59,
                 from xbram.h:135,
                 from xbram_g.c:50:
../../../include/xparameters.h:1:0: error: unterminated #ifndef
 #ifndef XPARAMETERS_H   /* prevent circular inclusions */
 
In file included from ../../../include/xil_io.h:61:0,
                 from xbram_hw.h:59,
                 from xbram.h:135,
                 from xbram_g.c:50:
../../../include/xil_printf.h:13:10: fatal error: bspconfig.h: No such file or directory
 #include "bspconfig.h"
          ^~~~~~~~~~~~~
compilation terminated.
In file included from ../../../include/xil_printf.h:12:0,
                 from ../../../include/xil_io.h:61,
                 from xbram_hw.h:59,
                 from xbram.h:135,
                 from xbram_intr.c:54:
../../../include/xparameters.h:1:0: error: unterminated #ifndef
 #ifndef XPARAMETERS_H   /* prevent circular inclusions */
 
In file included from ../../../include/xil_io.h:61:0,
                 from xbram_hw.h:59,
                 from xbram.h:135,
                 from xbram_intr.c:54:
../../../include/xil_printf.h:13:10: fatal error: bspconfig.h: No such file or directory
 #include "bspconfig.h"
          ^~~~~~~~~~~~~
compilation terminated.
In file included from ../../../include/xil_printf.h:12:0,
                 from ../../../include/xil_io.h:61,
                 from xbram_hw.h:59,
                 from xbram.h:135,
                 from xbram_selftest.c:68:
../../../include/xparameters.h:1:0: error: unterminated #ifndef
 #ifndef XPARAMETERS_H   /* prevent circular inclusions */
 
In file included from ../../../include/xil_io.h:61:0,
                 from xbram_hw.h:59,
                 from xbram.h:135,
                 from xbram_selftest.c:68:
../../../include/xil_printf.h:13:10: fatal error: bspconfig.h: No such file or directory
 #include "bspconfig.h"
          ^~~~~~~~~~~~~
compilation terminated.
In file included from xbram_sinit.c:56:0:
../../../include/xparameters.h:1:0: error: unterminated #ifndef
 #ifndef XPARAMETERS_H   /* prevent circular inclusions */
 
In file included from ../../../include/xil_printf.h:12:0,
                 from ../../../include/xil_io.h:61,
                 from xbram_hw.h:59,
                 from xbram.h:135,
                 from xbram_sinit.c:57:
../../../include/xparameters.h:1:0: error: unterminated #ifndef
 #ifndef XPARAMETERS_H   /* prevent circular inclusions */
 
In file included from ../../../include/xil_io.h:61:0,
                 from xbram_hw.h:59,
                 from xbram.h:135,
                 from xbram_sinit.c:57:
../../../include/xil_printf.h:13:10: fatal error: bspconfig.h: No such file or directory
 #include "bspconfig.h"
          ^~~~~~~~~~~~~
compilation terminated.
make[1]: *** [Makefile:20: libs] Error 1
make: *** [Makefile:30: microblaze_0/libsrc/bram_v4_2/src/make.libs] Error 2
"Running Make libs in microblaze_0/libsrc/cpu_v2_8/src"
make -C microblaze_0/libsrc/cpu_v2_8/src -s libs  "SHELL=CMD" "COMPILER=mb-gcc" "ARCHIVER=mb-ar" "COMPILER_FLAGS=  -O2 -c -mcpu=v11.0 -mlittle-endian -mxl-soft-mul" "EXTRA_COMPILER_FLAGS=-ffunction-sections -fdata-sections -Wall -Wextra"
"Compiling cpu"
mb-ar: creating ../../../lib/libxil.a
"Running Make libs in microblaze_0/libsrc/framewriter_v1_0/src"
make -C microblaze_0/libsrc/framewriter_v1_0/src -s libs  "SHELL=CMD" "COMPILER=mb-gcc" "ARCHIVER=mb-ar" "COMPILER_FLAGS=  -O2 -c -mcpu=v11.0 -mlittle-endian -mxl-soft-mul" "EXTRA_COMPILER_FLAGS=-ffunction-sections -fdata-sections -Wall -Wextra"
"Compiling framewriter..."
In file included from framewriter_selftest.c:4:0:
../../../include/xparameters.h:1:0: error: unterminated #ifndef
 #ifndef XPARAMETERS_H   /* prevent circular inclusions */
 
In file included from ../../../include/xil_printf.h:12:0,
                 from ../../../include/xil_io.h:61,
                 from framewriter_selftest.c:6:
../../../include/xparameters.h:1:0: error: unterminated #ifndef
 #ifndef XPARAMETERS_H   /* prevent circular inclusions */
 
In file included from ../../../include/xil_io.h:61:0,
                 from framewriter_selftest.c:6:
../../../include/xil_printf.h:13:10: fatal error: bspconfig.h: No such file or directory
 #include "bspconfig.h"
          ^~~~~~~~~~~~~
compilation terminated.
make[1]: *** [Makefile:18: libs] Error 1
make: *** [Makefile:30: microblaze_0/libsrc/framewriter_v1_0/src/make.libs] Error 2
"Running Make libs in microblaze_0/libsrc/gpio_v4_3/src"
make -C microblaze_0/libsrc/gpio_v4_3/src -s libs  "SHELL=CMD" "COMPILER=mb-gcc" "ARCHIVER=mb-ar" "COMPILER_FLAGS=  -O2 -c -mcpu=v11.0 -mlittle-endian -mxl-soft-mul" "EXTRA_COMPILER_FLAGS=-ffunction-sections -fdata-sections -Wall -Wextra"
"Compiling gpio"
In file included from ../../../include/xil_printf.h:12:0,
                 from ../../../include/xil_io.h:61,
                 from xgpio_l.h:83,
                 from xgpio.h:132,
                 from xgpio.c:70:
../../../include/xparameters.h:1:0: error: unterminated #ifndef
 #ifndef XPARAMETERS_H   /* prevent circular inclusions */
 
In file included from ../../../include/xil_io.h:61:0,
                 from xgpio_l.h:83,
                 from xgpio.h:132,
                 from xgpio.c:70:
../../../include/xil_printf.h:13:10: fatal error: bspconfig.h: No such file or directory
 #include "bspconfig.h"
          ^~~~~~~~~~~~~
compilation terminated.
In file included from ../../../include/xil_printf.h:12:0,
                 from ../../../include/xil_io.h:61,
                 from xgpio_l.h:83,
                 from xgpio.h:132,
                 from xgpio_extra.c:60:
../../../include/xparameters.h:1:0: error: unterminated #ifndef
 #ifndef XPARAMETERS_H   /* prevent circular inclusions */
 
In file included from ../../../include/xil_io.h:61:0,
                 from xgpio_l.h:83,
                 from xgpio.h:132,
                 from xgpio_extra.c:60:
../../../include/xil_printf.h:13:10: fatal error: bspconfig.h: No such file or directory
 #include "bspconfig.h"
          ^~~~~~~~~~~~~
compilation terminated.
In file included from ../../../include/xil_printf.h:12:0,
                 from ../../../include/xil_io.h:61,
                 from xgpio_l.h:83,
                 from xgpio.h:132,
                 from xgpio_g.c:54:
../../../include/xparameters.h:1:0: error: unterminated #ifndef
 #ifndef XPARAMETERS_H   /* prevent circular inclusions */
 
In file included from ../../../include/xil_io.h:61:0,
                 from xgpio_l.h:83,
                 from xgpio.h:132,
                 from xgpio_g.c:54:
../../../include/xil_printf.h:13:10: fatal error: bspconfig.h: No such file or directory
 #include "bspconfig.h"
          ^~~~~~~~~~~~~
compilation terminated.
In file included from ../../../include/xil_printf.h:12:0,
                 from ../../../include/xil_io.h:61,
                 from xgpio_l.h:83,
                 from xgpio.h:132,
                 from xgpio_intr.c:59:
../../../include/xparameters.h:1:0: error: unterminated #ifndef
 #ifndef XPARAMETERS_H   /* prevent circular inclusions */
 
In file included from ../../../include/xil_io.h:61:0,
                 from xgpio_l.h:83,
                 from xgpio.h:132,
                 from xgpio_intr.c:59:
../../../include/xil_printf.h:13:10: fatal error: bspconfig.h: No such file or directory
 #include "bspconfig.h"
          ^~~~~~~~~~~~~
compilation terminated.
In file included from ../../../include/xil_printf.h:12:0,
                 from ../../../include/xil_io.h:61,
                 from xgpio_l.h:83,
                 from xgpio.h:132,
                 from xgpio_selftest.c:55:
../../../include/xparameters.h:1:0: error: unterminated #ifndef
 #ifndef XPARAMETERS_H   /* prevent circular inclusions */
 
In file included from ../../../include/xil_io.h:61:0,
                 from xgpio_l.h:83,
                 from xgpio.h:132,
                 from xgpio_selftest.c:55:
../../../include/xil_printf.h:13:10: fatal error: bspconfig.h: No such file or directory
 #include "bspconfig.h"
          ^~~~~~~~~~~~~
compilation terminated.
In file included from xgpio_sinit.c:57:0:
../../../include/xparameters.h:1:0: error: unterminated #ifndef
 #ifndef XPARAMETERS_H   /* prevent circular inclusions */
 
In file included from ../../../include/xil_printf.h:12:0,
                 from ../../../include/xil_io.h:61,
                 from xgpio_l.h:83,
                 from xgpio.h:132,
                 from xgpio_i.h:60,
                 from xgpio_sinit.c:58:
../../../include/xparameters.h:1:0: error: unterminated #ifndef
 #ifndef XPARAMETERS_H   /* prevent circular inclusions */
 
In file included from ../../../include/xil_io.h:61:0,
                 from xgpio_l.h:83,
                 from xgpio.h:132,
                 from xgpio_i.h:60,
                 from xgpio_sinit.c:58:
../../../include/xil_printf.h:13:10: fatal error: bspconfig.h: No such file or directory
 #include "bspconfig.h"
          ^~~~~~~~~~~~~
compilation terminated.
make[1]: *** [Makefile:20: libs] Error 1
make: *** [Makefile:30: microblaze_0/libsrc/gpio_v4_3/src/make.libs] Error 2
"Running Make libs in microblaze_0/libsrc/intc_v3_8/src"
make -C microblaze_0/libsrc/intc_v3_8/src -s libs  "SHELL=CMD" "COMPILER=mb-gcc" "ARCHIVER=mb-ar" "COMPILER_FLAGS=  -O2 -c -mcpu=v11.0 -mlittle-endian -mxl-soft-mul" "EXTRA_COMPILER_FLAGS=-ffunction-sections -fdata-sections -Wall -Wextra"
"Compiling intc"
In file included from xintc.h:230:0,
                 from xintc.c:79:
../../../include/xparameters.h:1:0: error: unterminated #ifndef
 #ifndef XPARAMETERS_H   /* prevent circular inclusions */
 
In file included from xintc_l.h:94:0,
                 from xintc.h:232,
                 from xintc.c:79:
../../../include/xparameters.h:1:0: error: unterminated #ifndef
 #ifndef XPARAMETERS_H   /* prevent circular inclusions */
 
In file included from ../../../include/xil_printf.h:12:0,
                 from ../../../include/xil_io.h:61,
                 from xintc_l.h:95,
                 from xintc.h:232,
                 from xintc.c:79:
../../../include/xparameters.h:1:0: error: unterminated #ifndef
 #ifndef XPARAMETERS_H   /* prevent circular inclusions */
 
In file included from ../../../include/xil_io.h:61:0,
                 from xintc_l.h:95,
                 from xintc.h:232,
                 from xintc.c:79:
../../../include/xil_printf.h:13:10: fatal error: bspconfig.h: No such file or directory
 #include "bspconfig.h"
          ^~~~~~~~~~~~~
compilation terminated.
In file included from xintc.h:230:0,
                 from xintc_g.c:68:
../../../include/xparameters.h:1:0: error: unterminated #ifndef
 #ifndef XPARAMETERS_H   /* prevent circular inclusions */
 
In file included from xintc_l.h:94:0,
                 from xintc.h:232,
                 from xintc_g.c:68:
../../../include/xparameters.h:1:0: error: unterminated #ifndef
 #ifndef XPARAMETERS_H   /* prevent circular inclusions */
 
In file included from ../../../include/xil_printf.h:12:0,
                 from ../../../include/xil_io.h:61,
                 from xintc_l.h:95,
                 from xintc.h:232,
                 from xintc_g.c:68:
../../../include/xparameters.h:1:0: error: unterminated #ifndef
 #ifndef XPARAMETERS_H   /* prevent circular inclusions */
 
In file included from ../../../include/xil_io.h:61:0,
                 from xintc_l.h:95,
                 from xintc.h:232,
                 from xintc_g.c:68:
[...]
make -C microblaze_0/libsrc/bram_v4_2/src -s include  "SHELL=CMD" "COMPILER=mb-gcc" "ARCHIVER=mb-ar" "COMPILER_FLAGS=  -O2 -c -mcpu=v11.0 -mlittle-endian -mxl-soft-mul" "EXTRA_COMPILER_FLAGS=-ffunction-sections -fdata-sections -Wall -Wextra"
"Running Make include in microblaze_0/libsrc/cpu_v2_8/src"
make -C microblaze_0/libsrc/cpu_v2_8/src -s include  "SHELL=CMD" "COMPILER=mb-gcc" "ARCHIVER=mb-ar" "COMPILER_FLAGS=  -O2 -c -mcpu=v11.0 -mlittle-endian -mxl-soft-mul" "EXTRA_COMPILER_FLAGS=-ffunction-sections -fdata-sections -Wall -Wextra"
"Running Make include in microblaze_0/libsrc/framewriter_v1_0/src"
make -C microblaze_0/libsrc/framewriter_v1_0/src -s include  "SHELL=CMD" "COMPILER=mb-gcc" "ARCHIVER=mb-ar" "COMPILER_FLAGS=  -O2 -c -mcpu=v11.0 -mlittle-endian -mxl-soft-mul" "EXTRA_COMPILER_FLAGS=-ffunction-sections -fdata-sections -Wall -Wextra"
"Running Make include in microblaze_0/libsrc/gpio_v4_3/src"
make -C microblaze_0/libsrc/gpio_v4_3/src -s include  "SHELL=CMD" "COMPILER=mb-gcc" "ARCHIVER=mb-ar" "COMPILER_FLAGS=  -O2 -c -mcpu=v11.0 -mlittle-endian -mxl-soft-mul" "EXTRA_COMPILER_FLAGS=-ffunction-sections -fdata-sections -Wall -Wextra"
"Running Make include in microblaze_0/libsrc/intc_v3_8/src"
make -C microblaze_0/libsrc/intc_v3_8/src -s include  "SHELL=CMD" "COMPILER=mb-gcc" "ARCHIVER=mb-ar" "COMPILER_FLAGS=  -O2 -c -mcpu=v11.0 -mlittle-endian -mxl-soft-mul" "EXTRA_COMPILER_FLAGS=-ffunction-sections -fdata-sections -Wall -Wextra"
"Running Make include in microblaze_0/libsrc/standalone_v6_8/src"
make -C microblaze_0/libsrc/standalone_v6_8/src -s include  "SHELL=CMD" "COMPILER=mb-gcc" "ARCHIVER=mb-ar" "COMPILER_FLAGS=  -O2 -c -mcpu=v11.0 -mlittle-endian -mxl-soft-mul" "EXTRA_COMPILER_FLAGS=-ffunction-sections -fdata-sections -Wall -Wextra"
"Running Make include in microblaze_0/libsrc/uartlite_v3_2/src"
make -C microblaze_0/libsrc/uartlite_v3_2/src -s include  "SHELL=CMD" "COMPILER=mb-gcc" "ARCHIVER=mb-ar" "COMPILER_FLAGS=  -O2 -c -mcpu=v11.0 -mlittle-endian -mxl-soft-mul" "EXTRA_COMPILER_FLAGS=-ffunction-sections -fdata-sections -Wall -Wextra"
"Running Make libs in microblaze_0/libsrc/bram_v4_2/src"
make -C microblaze_0/libsrc/bram_v4_2/src -s libs  "SHELL=CMD" "COMPILER=mb-gcc" "ARCHIVER=mb-ar" "COMPILER_FLAGS=  -O2 -c -mcpu=v11.0 -mlittle-endian -mxl-soft-mul" "EXTRA_COMPILER_FLAGS=-ffunction-sections -fdata-sections -Wall -Wextra"
"Compiling bram"
"Running Make libs in microblaze_0/libsrc/cpu_v2_8/src"
make -C microblaze_0/libsrc/cpu_v2_8/src -s libs  "SHELL=CMD" "COMPILER=mb-gcc" "ARCHIVER=mb-ar" "COMPILER_FLAGS=  -O2 -c -mcpu=v11.0 -mlittle-endian -mxl-soft-mul" "EXTRA_COMPILER_FLAGS=-ffunction-sections -fdata-sections -Wall -Wextra"
"Compiling cpu"
"Running Make libs in microblaze_0/libsrc/framewriter_v1_0/src"
make -C microblaze_0/libsrc/framewriter_v1_0/src -s libs  "SHELL=CMD" "COMPILER=mb-gcc" "ARCHIVER=mb-ar" "COMPILER_FLAGS=  -O2 -c -mcpu=v11.0 -mlittle-endian -mxl-soft-mul" "EXTRA_COMPILER_FLAGS=-ffunction-sections -fdata-sections -Wall -Wextra"
"Compiling framewriter..."
framewriter_selftest.c: In function 'FRAMEWRITER_Reg_SelfTest':
framewriter_selftest.c:52:60: warning: comparison between signed and unsigned integer expressions [-Wsign-compare]
    if ( FRAMEWRITER_mReadReg (baseaddr, read_loop_index*4) != (read_loop_index+1)*READ_WRITE_MUL_FACTOR){
                                                            ^~
framewriter_selftest.c:36:6: warning: unused variable 'Index' [-Wunused-variable]
  int Index;
      ^~~~~
"Running Make libs in microblaze_0/libsrc/gpio_v4_3/src"
make -C microblaze_0/libsrc/gpio_v4_3/src -s libs  "SHELL=CMD" "COMPILER=mb-gcc" "ARCHIVER=mb-ar" "COMPILER_FLAGS=  -O2 -c -mcpu=v11.0 -mlittle-endian -mxl-soft-mul" "EXTRA_COMPILER_FLAGS=-ffunction-sections -fdata-sections -Wall -Wextra"
"Compiling gpio"
"Running Make libs in microblaze_0/libsrc/intc_v3_8/src"
make -C microblaze_0/libsrc/intc_v3_8/src -s libs  "SHELL=CMD" "COMPILER=mb-gcc" "ARCHIVER=mb-ar" "COMPILER_FLAGS=  -O2 -c -mcpu=v11.0 -mlittle-endian -mxl-soft-mul" "EXTRA_COMPILER_FLAGS=-ffunction-sections -fdata-sections -Wall -Wextra"
"Compiling intc"
"Running Make libs in microblaze_0/libsrc/standalone_v6_8/src"
make -C microblaze_0/libsrc/standalone_v6_8/src -s libs  "SHELL=CMD" "COMPILER=mb-gcc" "ARCHIVER=mb-ar" "COMPILER_FLAGS=  -O2 -c -mcpu=v11.0 -mlittle-endian -mxl-soft-mul" "EXTRA_COMPILER_FLAGS=-ffunction-sections -fdata-sections -Wall -Wextra"
"Compiling standalone";
inbyte.c: In function 'inbyte':
inbyte.c:11:1: warning: control reaches end of non-void function [-Wreturn-type]
 }
 ^
outbyte.c: In function 'outbyte':
outbyte.c:11:19: warning: unused parameter 'c' [-Wunused-parameter]
 void outbyte(char c) {
                   ^
microblaze_sleep.c:77:9: note: #pragma message: For the sleep routines, assembly instructions are used
 #pragma message ("For the sleep routines, assembly instructions are used")
         ^~~~~~~
"Running Make libs in microblaze_0/libsrc/uartlite_v3_2/src"
make -C microblaze_0/libsrc/uartlite_v3_2/src -s libs  "SHELL=CMD" "COMPILER=mb-gcc" "ARCHIVER=mb-ar" "COMPILER_FLAGS=  -O2 -c -mcpu=v11.0 -mlittle-endian -mxl-soft-mul" "EXTRA_COMPILER_FLAGS=-ffunction-sections -fdata-sections -Wall -Wextra"
"Compiling uartlite"
'Finished building libraries'
12:07:51 **** Auto Build of configuration Debug for project vga_coord ****
make all 
'Building file: ../src/main.c'
'Invoking: MicroBlaze gcc compiler'
mb-gcc -Wall -O0 -g3 -c -fmessage-length=0 -MT"src/main.o" -I../../vga_coord_bsp/microblaze_0/include -mlittle-endian -mcpu=v11.0 -mxl-soft-mul -Wl,--no-relax -ffunction-sections -fdata-sections -MMD -MP -MF"src/main.d" -MT"src/main.o" -o "src/main.o" "../src/main.c"
../src/main.c: In function 'drawCharHardware':
../src/main.c:140:15: error: 'FRAMWRITER_X_ADDR' undeclared (first use in this function); did you mean 'FRAMEWRITER_BASE'?
     Xil_Out32(FRAMWRITER_X_ADDR, x);
               ^~~~~~~~~~~~~~~~~
               FRAMEWRITER_BASE
../src/main.c:140:15: note: each undeclared identifier is reported only once for each function it appears in
../src/main.c:141:15: error: 'FRAMWRITER_Y_ADDR' undeclared (first use in this function); did you mean 'FRAMWRITER_X_ADDR'?
     Xil_Out32(FRAMWRITER_Y_ADDR, y);
               ^~~~~~~~~~~~~~~~~
               FRAMWRITER_X_ADDR
../src/main.c:142:15: error: 'FRAMWRITER_BITMAP_LOW_ADDR' undeclared (first use in this function); did you mean 'FRAMWRITER_Y_ADDR'?
     Xil_Out32(FRAMWRITER_BITMAP_LOW_ADDR, low);
               ^~~~~~~~~~~~~~~~~~~~~~~~~~
               FRAMWRITER_Y_ADDR
../src/main.c:143:15: error: 'FRAMWRITER_BITMAP_HIGH_ADDR' undeclared (first use in this function); did you mean 'FRAMWRITER_BITMAP_LOW_ADDR'?
     Xil_Out32(FRAMWRITER_BITMAP_HIGH_ADDR, high);
               ^~~~~~~~~~~~~~~~~~~~~~~~~~~
               FRAMWRITER_BITMAP_LOW_ADDR
../src/main.c: In function 'drawText':
../src/main.c:167:9: warning: implicit declaration of function 'drawChar'; did you mean 'drawText'? [-Wimplicit-function-declaration]
         drawChar(x, y, *text, color, scale);
         ^~~~~~~~
         drawText
../src/main.c: In function 'drawStatus':
../src/main.c:174:33: error: 'WHITE' undeclared (first use in this function)
     drawText(x+10, y, "Round ", WHITE, 2);
                                 ^~~~~
../src/main.c: In function 'drawTitleScreen':
../src/main.c:182:5: warning: implicit declaration of function 'clear_screen'; did you mean 'clearerr'? [-Wimplicit-function-declaration]
     clear_screen(WHITE);
     ^~~~~~~~~~~~
     clearerr
../src/main.c:182:18: error: 'WHITE' undeclared (first use in this function)
     clear_screen(WHITE);
                  ^~~~~
../src/main.c:183:5: warning: implicit declaration of function 'drawBox'; did you mean 'drawText'? [-Wimplicit-function-declaration]
     drawBox(0, 320, RESOLUTION_X, 20, TURQUOISE);
     ^~~~~~~
     drawText
../src/main.c:183:21: error: 'RESOLUTION_X' undeclared (first use in this function)
     drawBox(0, 320, RESOLUTION_X, 20, TURQUOISE);
                     ^~~~~~~~~~~~
../src/main.c:183:39: error: 'TURQUOISE' undeclared (first use in this function)
     drawBox(0, 320, RESOLUTION_X, 20, TURQUOISE);
                                       ^~~~~~~~~
../src/main.c:184:39: error: 'ORANGE' undeclared (first use in this function)
     drawBox(0, 350, RESOLUTION_X, 20, ORANGE);
                                       ^~~~~~
../src/main.c:185:29: error: 'GREY' undeclared (first use in this function)
     drawText(50, 80, "Wii", GREY, 8);
                             ^~~~
../src/main.c: In function 'drawMainMenu':
../src/main.c:193:18: error: 'WHITE' undeclared (first use in this function)
     clear_screen(WHITE);
                  ^~~~~
../src/main.c:194:20: error: 'RESOLUTION_X' undeclared (first use in this function)
     drawBox(0, 20, RESOLUTION_X, 16, TURQUOISE);
                    ^~~~~~~~~~~~
../src/main.c:194:38: error: 'TURQUOISE' undeclared (first use in this function)
     drawBox(0, 20, RESOLUTION_X, 16, TURQUOISE);
                                      ^~~~~~~~~
../src/main.c:195:38: error: 'ORANGE' undeclared (first use in this function)
     drawBox(0, 40, RESOLUTION_X, 16, ORANGE);
                                      ^~~~~~
../src/main.c:197:43: error: 'GREY' undeclared (first use in this function)
     drawText(80, 80, "Enter Player Info", GREY, 4);
                                           ^~~~
../src/main.c:203:24: error: 'p1_name' undeclared (first use in this function); did you mean 'rename'?
     drawText(280, 165, p1_name, BLACK, 3);
                        ^~~~~~~
                        rename
../src/main.c:203:33: error: 'BLACK' undeclared (first use in this function)
     drawText(280, 165, p1_name, BLACK, 3);
                                 ^~~~~
../src/main.c:204:9: error: 'entering_p1' undeclared (first use in this function)
     if (entering_p1 && !names_complete) drawText(275 + (name_cursor * 21), 165, "_", TURQUOISE, 3);
         ^~~~~~~~~~~
../src/main.c:204:25: error: 'names_complete' undeclared (first use in this function)
     if (entering_p1 && !names_complete) drawText(275 + (name_cursor * 21), 165, "_", TURQUOISE, 3);
                         ^~~~~~~~~~~~~~
../src/main.c:204:57: error: 'name_cursor' undeclared (first use in this function)
     if (entering_p1 && !names_complete) drawText(275 + (name_cursor * 21), 165, "_", TURQUOISE, 3);
                                                         ^~~~~~~~~~~
../src/main.c:210:24: error: 'p2_name' undeclared (first use in this function); did you mean 'p1_name'?
     drawText(280, 225, p2_name, BLACK, 3);
                        ^~~~~~~
                        p1_name
../src/main.c:214:57: error: 'GREEN' undeclared (first use in this function); did you mean 'GREY'?
         drawText(50, 300, "READY! Press Start on FPGA", GREEN, 3);
                                                         ^~~~~
                                                         GREY
../src/main.c: In function 'render_keyboard_text_to_vga':
../src/main.c:257:43: error: 'WHITE' undeclared (first use in this function)
         drawText(10, 10, keyboard_buffer, WHITE, 3);
                                           ^~~~~
../src/main.c: In function 'process_keyboard_input':
../src/main.c:267:26: error: 'HW_MAIN_MENU' undeclared (first use in this function)
     if (current_state == HW_MAIN_MENU && !names_complete) {
                          ^~~~~~~~~~~~
../src/main.c:267:43: error: 'names_complete' undeclared (first use in this function)
     if (current_state == HW_MAIN_MENU && !names_complete) {
                                           ^~~~~~~~~~~~~~
../src/main.c:268:29: error: 'entering_p1' undeclared (first use in this function)
         char* current_buf = entering_p1 ? p1_name : p2_name;
                             ^~~~~~~~~~~
../src/main.c:268:43: error: 'p1_name' undeclared (first use in this function); did you mean 'rename'?
         char* current_buf = entering_p1 ? p1_name : p2_name;
                                           ^~~~~~~
                                           rename
../src/main.c:268:53: error: 'p2_name' undeclared (first use in this function); did you mean 'p1_name'?
         char* current_buf = entering_p1 ? p1_name : p2_name;
                                                     ^~~~~~~
                                                     p1_name
../src/main.c:271:17: error: 'name_cursor' undeclared (first use in this function); did you mean 'keyboard_cursor'?
             if (name_cursor > 0) { // Don't allow empty names
                 ^~~~~~~~~~~
                 keyboard_cursor
../src/main.c:288:60: error: 'MAX_NAME_LEN' undeclared (first use in this function); did you mean 'MAX_INPUT_LEN'?
         else if (key >= ' ' && key <= '~' && name_cursor < MAX_NAME_LEN) {
                                                            ^~~~~~~~~~~~
                                                            MAX_INPUT_LEN
../src/main.c:268:15: warning: variable 'current_buf' set but not used [-Wunused-but-set-variable]
         char* current_buf = entering_p1 ? p1_name : p2_name;
               ^~~~~~~~~~~
make: *** [src/subdir.mk:23: src/main.o] Error 1
12:11:12 **** Auto Build of configuration Debug for project vga_coord ****
make all 
'Building file: ../src/main.c'
'Invoking: MicroBlaze gcc compiler'
mb-gcc -Wall -O0 -g3 -c -fmessage-length=0 -MT"src/main.o" -I../../vga_coord_bsp/microblaze_0/include -mlittle-endian -mcpu=v11.0 -mxl-soft-mul -Wl,--no-relax -ffunction-sections -fdata-sections -MMD -MP -MF"src/main.d" -MT"src/main.o" -o "src/main.o" "../src/main.c"
../src/main.c: In function 'drawCharHardware':
../src/main.c:144:15: error: 'FRAMWRITER_X_ADDR' undeclared (first use in this function); did you mean 'FRAMEWRITER_BASE'?
     Xil_Out32(FRAMWRITER_X_ADDR, x);
               ^~~~~~~~~~~~~~~~~
               FRAMEWRITER_BASE
../src/main.c:144:15: note: each undeclared identifier is reported only once for each function it appears in
../src/main.c:145:15: error: 'FRAMWRITER_Y_ADDR' undeclared (first use in this function); did you mean 'FRAMWRITER_X_ADDR'?
     Xil_Out32(FRAMWRITER_Y_ADDR, y);
               ^~~~~~~~~~~~~~~~~
               FRAMWRITER_X_ADDR
../src/main.c:146:15: error: 'FRAMWRITER_BITMAP_LOW_ADDR' undeclared (first use in this function); did you mean 'FRAMWRITER_Y_ADDR'?
     Xil_Out32(FRAMWRITER_BITMAP_LOW_ADDR, low);
               ^~~~~~~~~~~~~~~~~~~~~~~~~~
               FRAMWRITER_Y_ADDR
../src/main.c:147:15: error: 'FRAMWRITER_BITMAP_HIGH_ADDR' undeclared (first use in this function); did you mean 'FRAMWRITER_BITMAP_LOW_ADDR'?
     Xil_Out32(FRAMWRITER_BITMAP_HIGH_ADDR, high);
               ^~~~~~~~~~~~~~~~~~~~~~~~~~~
               FRAMWRITER_BITMAP_LOW_ADDR
make: *** [src/subdir.mk:23: src/main.o] Error 1
12:36:15 **** Auto Build of configuration Debug for project vga_coord ****
make all 
'Building file: ../src/main.c'
'Invoking: MicroBlaze gcc compiler'
mb-gcc -Wall -O0 -g3 -c -fmessage-length=0 -MT"src/main.o" -I../../vga_coord_bsp/microblaze_0/include -mlittle-endian -mcpu=v11.0 -mxl-soft-mul -Wl,--no-relax -ffunction-sections -fdata-sections -MMD -MP -MF"src/main.d" -MT"src/main.o" -o "src/main.o" "../src/main.c"
../src/main.c: In function 'drawCharHardware':
../src/main.c:144:15: error: 'FRAMWRITER_X_ADDR' undeclared (first use in this function); did you mean 'FRAMEWRITER_BASE'?
     Xil_Out32(FRAMWRITER_X_ADDR, x);
               ^~~~~~~~~~~~~~~~~
               FRAMEWRITER_BASE
../src/main.c:144:15: note: each undeclared identifier is reported only once for each function it appears in
../src/main.c:145:15: error: 'FRAMWRITER_Y_ADDR' undeclared (first use in this function); did you mean 'FRAMWRITER_X_ADDR'?
     Xil_Out32(FRAMWRITER_Y_ADDR, y);
               ^~~~~~~~~~~~~~~~~
               FRAMWRITER_X_ADDR
../src/main.c:146:15: error: 'FRAMWRITER_BITMAP_LOW_ADDR' undeclared (first use in this function); did you mean 'FRAMWRITER_Y_ADDR'?
     Xil_Out32(FRAMWRITER_BITMAP_LOW_ADDR, low);
               ^~~~~~~~~~~~~~~~~~~~~~~~~~
               FRAMWRITER_Y_ADDR
../src/main.c:147:15: error: 'FRAMWRITER_BITMAP_HIGH_ADDR' undeclared (first use in this function); did you mean 'FRAMWRITER_BITMAP_LOW_ADDR'?
     Xil_Out32(FRAMWRITER_BITMAP_HIGH_ADDR, high);
               ^~~~~~~~~~~~~~~~~~~~~~~~~~~
               FRAMWRITER_BITMAP_LOW_ADDR
../src/main.c: In function 'main':
../src/main.c:382:9: error: 'key' undeclared (first use in this function); did you mean 'key_t'?
     if (key >= ' ' && key <= '~') { // Printable ASCII characters
         ^~~
         key_t
At top level:
../src/main.c:252:13: warning: 'keyboard_cursor' defined but not used [-Wunused-variable]
 static int  keyboard_cursor = 0;
             ^~~~~~~~~~~~~~~
../src/main.c:251:13: warning: 'keyboard_buffer' defined but not used [-Wunused-variable]
 static char keyboard_buffer[MAX_INPUT_LEN + 1] = {0};
             ^~~~~~~~~~~~~~~
make: *** [src/subdir.mk:23: src/main.o] Error 1
12:38:13 **** Auto Build of configuration Debug for project vga_coord ****
make all 
'Building file: ../src/main.c'
'Invoking: MicroBlaze gcc compiler'
mb-gcc -Wall -O0 -g3 -c -fmessage-length=0 -MT"src/main.o" -I../../vga_coord_bsp/microblaze_0/include -mlittle-endian -mcpu=v11.0 -mxl-soft-mul -Wl,--no-relax -ffunction-sections -fdata-sections -MMD -MP -MF"src/main.d" -MT"src/main.o" -o "src/main.o" "../src/main.c"
../src/main.c: In function 'drawCharHardware':
../src/main.c:144:15: error: 'FRAMWRITER_X_ADDR' undeclared (first use in this function); did you mean 'FRAMEWRITER_BASE'?
     Xil_Out32(FRAMWRITER_X_ADDR, x);
               ^~~~~~~~~~~~~~~~~
               FRAMEWRITER_BASE
../src/main.c:144:15: note: each undeclared identifier is reported only once for each function it appears in
../src/main.c:145:15: error: 'FRAMWRITER_Y_ADDR' undeclared (first use in this function); did you mean 'FRAMWRITER_X_ADDR'?
     Xil_Out32(FRAMWRITER_Y_ADDR, y);
               ^~~~~~~~~~~~~~~~~
               FRAMWRITER_X_ADDR
../src/main.c:146:15: error: 'FRAMWRITER_BITMAP_LOW_ADDR' undeclared (first use in this function); did you mean 'FRAMWRITER_Y_ADDR'?
     Xil_Out32(FRAMWRITER_BITMAP_LOW_ADDR, low);
               ^~~~~~~~~~~~~~~~~~~~~~~~~~
               FRAMWRITER_Y_ADDR
../src/main.c:147:15: error: 'FRAMWRITER_BITMAP_HIGH_ADDR' undeclared (first use in this function); did you mean 'FRAMWRITER_BITMAP_LOW_ADDR'?
     Xil_Out32(FRAMWRITER_BITMAP_HIGH_ADDR, high);
               ^~~~~~~~~~~~~~~~~~~~~~~~~~~
               FRAMWRITER_BITMAP_LOW_ADDR
At top level:
../src/main.c:252:13: warning: 'keyboard_cursor' defined but not used [-Wunused-variable]
 static int  keyboard_cursor = 0;
             ^~~~~~~~~~~~~~~
../src/main.c:251:13: warning: 'keyboard_buffer' defined but not used [-Wunused-variable]
 static char keyboard_buffer[MAX_INPUT_LEN + 1] = {0};
             ^~~~~~~~~~~~~~~
make: *** [src/subdir.mk:23: src/main.o] Error 1
12:48:10 **** Auto Build of configuration Debug for project vga_coord ****
make all 
'Building file: ../src/main.c'
'Invoking: MicroBlaze gcc compiler'
mb-gcc -Wall -O0 -g3 -c -fmessage-length=0 -MT"src/main.o" -I../../vga_coord_bsp/microblaze_0/include -mlittle-endian -mcpu=v11.0 -mxl-soft-mul -Wl,--no-relax -ffunction-sections -fdata-sections -MMD -MP -MF"src/main.d" -MT"src/main.o" -o "src/main.o" "../src/main.c"
'Finished building: ../src/main.c'
' '
'Building target: vga_coord.elf'
'Invoking: MicroBlaze gcc linker'
mb-gcc -Wl,-T -Wl,../src/lscript.ld -L../../vga_coord_bsp/microblaze_0/lib -mlittle-endian -mcpu=v11.0 -mxl-soft-mul -Wl,--no-relax -Wl,--gc-sections -o "vga_coord.elf"  ./src/main.o   -Wl,--start-group,-lxil,-lgcc,-lc,--end-group
'Finished building target: vga_coord.elf'
' '
'Invoking: MicroBlaze Print Size'
mb-size vga_coord.elf  |tee "vga_coord.elf.size"
   text	   data	    bss	    dec	    hex	filename
   6576	    316	   2092	   8984	   2318	vga_coord.elf
'Finished building: vga_coord.elf.size'
' '
